Archive member included to satisfy reference by file (symbol)

C:/ST/STM32CubeIDE_1.19.0/STM32CubeIDE/plugins/com.st.stm32cube.ide.mcu.externaltools.gnu-tools-for-stm32.13.3.rel1.win32_1.0.0.202411081344/tools/bin/../lib/gcc/arm-none-eabi/13.3.1/../../../../arm-none-eabi/lib/thumb/v7e-m+fp/hard\libc_nano.a(libc_a-atof.o)
                              ./Core/Src/telemetry_hub.o (atof)
C:/ST/STM32CubeIDE_1.19.0/STM32CubeIDE/plugins/com.st.stm32cube.ide.mcu.externaltools.gnu-tools-for-stm32.13.3.rel1.win32_1.0.0.202411081344/tools/bin/../lib/gcc/arm-none-eabi/13.3.1/../../../../arm-none-eabi/lib/thumb/v7e-m+fp/hard\libc_nano.a(libc_a-exit.o)
                              C:/ST/STM32CubeIDE_1.19.0/STM32CubeIDE/plugins/com.st.stm32cube.ide.mcu.externaltools.gnu-tools-for-stm32.13.3.rel1.win32_1.0.0.202411081344/tools/bin/../lib/gcc/arm-none-eabi/13.3.1/../../../../arm-none-eabi/lib/thumb/v7e-m+fp/hard/crt0.o (exit)
C:/ST/STM32CubeIDE_1.19.0/STM32CubeIDE/plugins/com.st.stm32cube.ide.mcu.externaltools.gnu-tools-for-stm32.13.3.rel1.win32_1.0.0.202411081344/tools/bin/../lib/gcc/arm-none-eabi/13.3.1/../../../../arm-none-eabi/lib/thumb/v7e-m+fp/hard\libc_nano.a(libc_a-strtod.o)
                              C:/ST/STM32CubeIDE_1.19.0/STM32CubeIDE/plugins/com.st.stm32cube.ide.mcu.externaltools.gnu-tools-for-stm32.13.3.rel1.win32_1.0.0.202411081344/tools/bin/../lib/gcc/arm-none-eabi/13.3.1/../../../../arm-none-eabi/lib/thumb/v7e-m+fp/hard\libc_nano.a(libc_a-atof.o) (strtod)
C:/ST/STM32CubeIDE_1.19.0/STM32CubeIDE/plugins/com.st.stm32cube.ide.mcu.externaltools.gnu-tools-for-stm32.13.3.rel1.win32_1.0.0.202411081344/tools/bin/../lib/gcc/arm-none-eabi/13.3.1/../../../../arm-none-eabi/lib/thumb/v7e-m+fp/hard\libc_nano.a(libc_a-nano-vfprintf_float.o)
                              (_printf_float)
C:/ST/STM32CubeIDE_1.19.0/STM32CubeIDE/plugins/com.st.stm32cube.ide.mcu.externaltools.gnu-tools-for-stm32.13.3.rel1.win32_1.0.0.202411081344/tools/bin/../lib/gcc/arm-none-eabi/13.3.1/../../../../arm-none-eabi/lib/thumb/v7e-m+fp/hard\libc_nano.a(libc_a-nano-vfprintf_i.o)
                              C:/ST/STM32CubeIDE_1.19.0/STM32CubeIDE/plugins/com.st.stm32cube.ide.mcu.externaltools.gnu-tools-for-stm32.13.3.rel1.win32_1.0.0.202411081344/tools/bin/../lib/gcc/arm-none-eabi/13.3.1/../../../../arm-none-eabi/lib/thumb/v7e-m+fp/hard\libc_nano.a(libc_a-nano-vfprintf_float.o) (_printf_common)
C:/ST/STM32CubeIDE_1.19.0/STM32CubeIDE/plugins/com.st.stm32cube.ide.mcu.externaltools.gnu-tools-for-stm32.13.3.rel1.win32_1.0.0.202411081344/tools/bin/../lib/gcc/arm-none-eabi/13.3.1/../../../../arm-none-eabi/lib/thumb/v7e-m+fp/hard\libc_nano.a(libc_a-findfp.o)
                              C:/ST/STM32CubeIDE_1.19.0/STM32CubeIDE/plugins/com.st.stm32cube.ide.mcu.externaltools.gnu-tools-for-stm32.13.3.rel1.win32_1.0.0.202411081344/tools/bin/../lib/gcc/arm-none-eabi/13.3.1/../../../../arm-none-eabi/lib/thumb/v7e-m+fp/hard\libc_nano.a(libc_a-exit.o) (__stdio_exit_handler)
C:/ST/STM32CubeIDE_1.19.0/STM32CubeIDE/plugins/com.st.stm32cube.ide.mcu.externaltools.gnu-tools-for-stm32.13.3.rel1.win32_1.0.0.202411081344/tools/bin/../lib/gcc/arm-none-eabi/13.3.1/../../../../arm-none-eabi/lib/thumb/v7e-m+fp/hard\libc_nano.a(libc_a-fwalk.o)
                              C:/ST/STM32CubeIDE_1.19.0/STM32CubeIDE/plugins/com.st.stm32cube.ide.mcu.externaltools.gnu-tools-for-stm32.13.3.rel1.win32_1.0.0.202411081344/tools/bin/../lib/gcc/arm-none-eabi/13.3.1/../../../../arm-none-eabi/lib/thumb/v7e-m+fp/hard\libc_nano.a(libc_a-findfp.o) (_fwalk_sglue)
C:/ST/STM32CubeIDE_1.19.0/STM32CubeIDE/plugins/com.st.stm32cube.ide.mcu.externaltools.gnu-tools-for-stm32.13.3.rel1.win32_1.0.0.202411081344/tools/bin/../lib/gcc/arm-none-eabi/13.3.1/../../../../arm-none-eabi/lib/thumb/v7e-m+fp/hard\libc_nano.a(libc_a-printf.o)
                              ./Core/Src/hw_io.o (printf)
C:/ST/STM32CubeIDE_1.19.0/STM32CubeIDE/plugins/com.st.stm32cube.ide.mcu.externaltools.gnu-tools-for-stm32.13.3.rel1.win32_1.0.0.202411081344/tools/bin/../lib/gcc/arm-none-eabi/13.3.1/../../../../arm-none-eabi/lib/thumb/v7e-m+fp/hard\libc_nano.a(libc_a-puts.o)
                              ./Core/Src/main.o (puts)
C:/ST/STM32CubeIDE_1.19.0/STM32CubeIDE/plugins/com.st.stm32cube.ide.mcu.externaltools.gnu-tools-for-stm32.13.3.rel1.win32_1.0.0.202411081344/tools/bin/../lib/gcc/arm-none-eabi/13.3.1/../../../../arm-none-eabi/lib/thumb/v7e-m+fp/hard\libc_nano.a(libc_a-snprintf.o)
                              ./Core/Src/motor_controller.o (snprintf)
C:/ST/STM32CubeIDE_1.19.0/STM32CubeIDE/plugins/com.st.stm32cube.ide.mcu.externaltools.gnu-tools-for-stm32.13.3.rel1.win32_1.0.0.202411081344/tools/bin/../lib/gcc/arm-none-eabi/13.3.1/../../../../arm-none-eabi/lib/thumb/v7e-m+fp/hard\libc_nano.a(libc_a-stdio.o)
[...]
Memory Configuration

Name             Origin             Length             Attributes
RAM              0x20000000         0x00020000         xrw
FLASH            0x08000000         0x00080000         xr
*default*        0x00000000         0xffffffff

Linker script and memory map

LOAD C:/ST/STM32CubeIDE_1.19.0/STM32CubeIDE/plugins/com.st.stm32cube.ide.mcu.externaltools.gnu-tools-for-stm32.13.3.rel1.win32_1.0.0.202411081344/tools/bin/../lib/gcc/arm-none-eabi/13.3.1/thumb/v7e-m+fp/hard/crti.o
LOAD C:/ST/STM32CubeIDE_1.19.0/STM32CubeIDE/plugins/com.st.stm32cube.ide.mcu.externaltools.gnu-tools-for-stm32.13.3.rel1.win32_1.0.0.202411081344/tools/bin/../lib/gcc/arm-none-eabi/13.3.1/thumb/v7e-m+fp/hard/crtbegin.o
LOAD C:/ST/STM32CubeIDE_1.19.0/STM32CubeIDE/plugins/com.st.stm32cube.ide.mcu.externaltools.gnu-tools-for-stm32.13.3.rel1.win32_1.0.0.202411081344/tools/bin/../lib/gcc/arm-none-eabi/13.3.1/../../../../arm-none-eabi/lib/thumb/v7e-m+fp/hard/crt0.o
LOAD ./Core/Src/current_sensor.o
LOAD ./Core/Src/hw_io.o
LOAD ./Core/Src/kalman.o
LOAD ./Core/Src/main.o
LOAD ./Core/Src/modbus_bridge.o
LOAD ./Core/Src/modbus_rtu.o
LOAD ./Core/Src/motor_controller.o
LOAD ./Core/Src/stm32g4xx_hal_msp.o
LOAD ./Core/Src/stm32g4xx_it.o
LOAD ./Core/Src/syscalls.o
LOAD ./Core/Src/sysmem.o
LOAD ./Core/Src/system_stm32g4xx.o
LOAD ./Core/Src/telemetry_hub.o
LOAD ./Core/Startup/startup_stm32g474retx.o
LOAD ./Drivers/STM32G4xx_HAL_Driver/Src/stm32g4xx_hal.o
LOAD ./Drivers/STM32G4xx_HAL_Driver/Src/stm32g4xx_hal_adc.o
LOAD ./Drivers/STM32G4xx_HAL_Driver/Src/stm32g4xx_hal_adc_ex.o
LOAD ./Drivers/STM32G4xx_HAL_Driver/Src/stm32g4xx_hal_cortex.o
LOAD ./Drivers/STM32G4xx_HAL_Driver/Src/stm32g4xx_hal_dma.o
LOAD ./Drivers/STM32G4xx_HAL_Driver/Src/stm32g4xx_hal_dma_ex.o
LOAD ./Drivers/STM32G4xx_HAL_Driver/Src/stm32g4xx_hal_exti.o
LOAD ./Drivers/STM32G4xx_HAL_Driver/Src/stm32g4xx_hal_fdcan.o
LOAD ./Drivers/STM32G4xx_HAL_Driver/Src/stm32g4xx_hal_flash.o
LOAD ./Drivers/STM32G4xx_HAL_Driver/Src/stm32g4xx_hal_flash_ex.o
LOAD ./Drivers/STM32G4xx_HAL_Driver/Src/stm32g4xx_hal_flash_ramfunc.o
LOAD ./Drivers/STM32G4xx_HAL_Driver/Src/stm32g4xx_hal_gpio.o
LOAD ./Drivers/STM32G4xx_HAL_Driver/Src/stm32g4xx_hal_pwr.o
LOAD ./Drivers/STM32G4xx_HAL_Driver/Src/stm32g4xx_hal_pwr_ex.o
LOAD ./Drivers/STM32G4xx_HAL_Driver/Src/stm32g4xx_hal_rcc.o
LOAD ./Drivers/STM32G4xx_HAL_Driver/Src/stm32g4xx_hal_rcc_ex.o
LOAD ./Drivers/STM32G4xx_HAL_Driver/Src/stm32g4xx_hal_tim.o
LOAD ./Drivers/STM32G4xx_HAL_Driver/Src/stm32g4xx_hal_tim_ex.o
LOAD ./Drivers/STM32G4xx_HAL_Driver/Src/stm32g4xx_hal_uart.o
LOAD ./Drivers/STM32G4xx_HAL_Driver/Src/stm32g4xx_hal_uart_ex.o
LOAD ./Drivers/STM32G4xx_HAL_Driver/Src/stm32g4xx_ll_adc.o
START GROUP
LOAD C:/ST/STM32CubeIDE_1.19.0/STM32CubeIDE/plugins/com.st.stm32cube.ide.mcu.externaltools.gnu-tools-for-stm32.13.3.rel1.win32_1.0.0.202411081344/tools/bin/../lib/gcc/arm-none-eabi/13.3.1/../../../../arm-none-eabi/lib/thumb/v7e-m+fp/hard\libc_nano.a
LOAD C:/ST/STM32CubeIDE_1.19.0/STM32CubeIDE/plugins/com.st.stm32cube.ide.mcu.externaltools.gnu-tools-for-stm32.13.3.rel1.win32_1.0.0.202411081344/tools/bin/../lib/gcc/arm-none-eabi/13.3.1/../../../../arm-none-eabi/lib/thumb/v7e-m+fp/hard\libm.a
END GROUP
START GROUP
LOAD C:/ST/STM32CubeIDE_1.19.0/STM32CubeIDE/plugins/com.st.stm32cube.ide.mcu.externaltools.gnu-tools-for-stm32.13.3.rel1.win32_1.0.0.202411081344/tools/bin/../lib/gcc/arm-none-eabi/13.3.1/thumb/v7e-m+fp/hard\libgcc.a
LOAD C:/ST/STM32CubeIDE_1.19.0/STM32CubeIDE/plugins/com.st.stm32cube.ide.mcu.externaltools.gnu-tools-for-stm32.13.3.rel1.win32_1.0.0.202411081344/tools/bin/../lib/gcc/arm-none-eabi/13.3.1/../../../../arm-none-eabi/lib/thumb/v7e-m+fp/hard\libc_nano.a
END GROUP
START GROUP
LOAD C:/ST/STM32CubeIDE_1.19.0/STM32CubeIDE/plugins/com.st.stm32cube.ide.mcu.externaltools.gnu-tools-for-stm32.13.3.rel1.win32_1.0.0.202411081344/tools/bin/../lib/gcc/arm-none-eabi/13.3.1/thumb/v7e-m+fp/hard\libgcc.a
LOAD C:/ST/STM32CubeIDE_1.19.0/STM32CubeIDE/plugins/com.st.stm32cube.ide.mcu.externaltools.gnu-tools-for-stm32.13.3.rel1.win32_1.0.0.202411081344/tools/bin/../lib/gcc/arm-none-eabi/13.3.1/../../../../arm-none-eabi/lib/thumb/v7e-m+fp/hard\libc_nano.a
LOAD C:/ST/STM32CubeIDE_1.19.0/STM32CubeIDE/plugins/com.st.stm32cube.ide.mcu.externaltools.gnu-tools-for-stm32.13.3.rel1.win32_1.0.0.202411081344/tools/bin/../lib/gcc/arm-none-eabi/13.3.1/../../../../arm-none-eabi/lib/thumb/v7e-m+fp/hard\libnosys.a
END GROUP
START GROUP
LOAD C:/ST/STM32CubeIDE_1.19.0/STM32CubeIDE/plugins/com.st.stm32cube.ide.mcu.externaltools.gnu-tools-for-stm32.13.3.rel1.win32_1.0.0.202411081344/tools/bin/../lib/gcc/arm-none-eabi/13.3.1/thumb/v7e-m+fp/hard\libgcc.a
LOAD C:/ST/STM32CubeIDE_1.19.0/STM32CubeIDE/plugins/com.st.stm32cube.ide.mcu.externaltools.gnu-tools-for-stm32.13.3.rel1.win32_1.0.0.202411081344/tools/bin/../lib/gcc/arm-none-eabi/13.3.1/../../../../arm-none-eabi/lib/thumb/v7e-m+fp/hard\libc_nano.a
LOAD C:/ST/STM32CubeIDE_1.19.0/STM32CubeIDE/plugins/com.st.stm32cube.ide.mcu.externaltools.gnu-tools-for-stm32.13.3.rel1.win32_1.0.0.202411081344/tools/bin/../lib/gcc/arm-none-eabi/13.3.1/../../../../arm-none-eabi/lib/thumb/v7e-m+fp/hard\libnosys.a
END GROUP
LOAD C:/ST/STM32CubeIDE_1.19.0/STM32CubeIDE/plugins/com.st.stm32cube.ide.mcu.externaltools.gnu-tools-for-stm32.13.3.rel1.win32_1.0.0.202411081344/tools/bin/../lib/gcc/arm-none-eabi/13.3.1/thumb/v7e-m+fp/hard/crtend.o
LOAD C:/ST/STM32CubeIDE_1.19.0/STM32CubeIDE/plugins/com.st.stm32cube.ide.mcu.externaltools.gnu-tools-for-stm32.13.3.rel1.win32_1.0.0.202411081344/tools/bin/../lib/gcc/arm-none-eabi/13.3.1/thumb/v7e-m+fp/hard/crtn.o
                0x20020000                        _estack = (ORIGIN (RAM) + LENGTH (RAM))
                0x00000200                        _Min_Heap_Size = 0x200
                0x00000400                        _Min_Stack_Size = 0x400

.isr_vector     0x08000000      0x1d8
                0x08000000                        . = ALIGN (0x4)
 *(.isr_vector)
 .isr_vector    0x08000000      0x1d8 ./Core/Startup/startup_stm32g474retx.o
                0x08000000                g_pfnVectors
                0x080001d8                        . = ALIGN (0x4)

.text           0x080001e0    0x18474
                0x080001e0                        . = ALIGN (0x4)
 *(.text)
 .text          0x080001e0       0x40 C:/ST/STM32CubeIDE_1.19.0/STM32CubeIDE/plugins/com.st.stm32cube.ide.mcu.externaltools.gnu-tools-for-stm32.13.3.rel1.win32_1.0.0.202411081344/tools/bin/../lib/gcc/arm-none-eabi/13.3.1/thumb/v7e-m+fp/hard/crtbegin.o
 .text          0x08000220       0x14 C:/ST/STM32CubeIDE_1.19.0/STM32CubeIDE/plugins/com.st.stm32cube.ide.mcu.externaltools.gnu-tools-for-stm32.13.3.rel1.win32_1.0.0.202411081344/tools/bin/../lib/gcc/arm-none-eabi/13.3.1/../../../../arm-none-eabi/lib/thumb/v7e-m+fp/hard\libc_nano.a(libc_a-strcmp.o)
                0x08000220                strcmp
 *fill*         0x08000234        0xc 
 .text          0x08000240       0xa0 C:/ST/STM32CubeIDE_1.19.0/STM32CubeIDE/plugins/com.st.stm32cube.ide.mcu.externaltools.gnu-tools-for-stm32.13.3.rel1.win32_1.0.0.202411081344/tools/bin/../lib/gcc/arm-none-eabi/13.3.1/../../../../arm-none-eabi/lib/thumb/v7e-m+fp/hard\libc_nano.a(libc_a-memchr.o)
                0x08000240                memchr
 .text          0x080002e0       0x10 C:/ST/STM32CubeIDE_1.19.0/STM32CubeIDE/plugins/com.st.stm32cube.ide.mcu.externaltools.gnu-tools-for-stm32.13.3.rel1.win32_1.0.0.202411081344/tools/bin/../lib/gcc/arm-none-eabi/13.3.1/../../../../arm-none-eabi/lib/thumb/v7e-m+fp/hard\libc_nano.a(libc_a-strlen.o)
                0x080002e0                strlen
 .text          0x080002f0      0x378 C:/ST/STM32CubeIDE_1.19.0/STM32CubeIDE/plugins/com.st.stm32cube.ide.mcu.externaltools.gnu-tools-for-stm32.13.3.rel1.win32_1.0.0.202411081344/tools/bin/../lib/gcc/arm-none-eabi/13.3.1/thumb/v7e-m+fp/hard\libgcc.a(_arm_addsubdf3.o)
                0x080002f0                __aeabi_drsub
                0x080002f8                __aeabi_dsub
                0x080002f8                __subdf3
                0x080002fc                __aeabi_dadd
                0x080002fc                __adddf3
                0x08000574                __floatunsidf
                0x08000574                __aeabi_ui2d
                0x08000594                __floatsidf
                0x08000594                __aeabi_i2d
                0x080005b8                __aeabi_f2d
                0x080005b8                __extendsfdf2
                0x080005fc                __floatundidf
                0x080005fc                __aeabi_ul2d
                0x0800060c                __floatdidf
                0x0800060c                __aeabi_l2d
 .text          0x08000668      0x424 C:/ST/STM32CubeIDE_1.19.0/STM32CubeIDE/plugins/com.st.stm32cube.ide.mcu.externaltools.gnu-tools-for-stm32.13.3.rel1.win32_1.0.0.202411081344/tools/bin/../lib/gcc/arm-none-eabi/13.3.1/thumb/v7e-m+fp/hard\libgcc.a(_arm_muldivdf3.o)
                0x08000668                __aeabi_dmul
                0x08000668                __muldf3
                0x080008bc                __divdf3
                0x080008bc                __aeabi_ddiv
 .text          0x08000a8c      0x110 C:/ST/STM32CubeIDE_1.19.0/STM32CubeIDE/plugins/com.st.stm32cube.ide.mcu.externaltools.gnu-tools-for-stm32.13.3.rel1.win32_1.0.0.202411081344/tools/bin/../lib/gcc/arm-none-eabi/13.3.1/thumb/v7e-m+fp/hard\libgcc.a(_arm_cmpdf2.o)
                0x08000a8c                __gtdf2
                0x08000a8c                __gedf2
                0x08000a94                __ltdf2
                0x08000a94                __ledf2
                0x08000a9c                __nedf2
                0x08000a9c                __eqdf2
                0x08000a9c                __cmpdf2
                0x08000b18                __aeabi_cdrcmple
                0x08000b28                __aeabi_cdcmpeq
                0x08000b28                __aeabi_cdcmple
                0x08000b38                __aeabi_dcmpeq
                0x08000b4c                __aeabi_dcmplt
                0x08000b60                __aeabi_dcmple
                0x08000b74                __aeabi_dcmpge
                0x08000b88                __aeabi_dcmpgt
 .text          0x08000b9c       0x2c C:/ST/STM32CubeIDE_1.19.0/STM32CubeIDE/plugins/com.st.stm32cube.ide.mcu.externaltools.gnu-tools-for-stm32.13.3.rel1.win32_1.0.0.202411081344/tools/bin/../lib/gcc/arm-none-eabi/13.3.1/thumb/v7e-m+fp/hard\libgcc.a(_arm_unorddf2.o)
                0x08000b9c                __unorddf2
                0x08000b9c                __aeabi_dcmpun
 .text          0x08000bc8       0x50 C:/ST/STM32CubeIDE_1.19.0/STM32CubeIDE/plugins/com.st.stm32cube.ide.mcu.externaltools.gnu-tools-for-stm32.13.3.rel1.win32_1.0.0.202411081344/tools/bin/../lib/gcc/arm-none-eabi/13.3.1/thumb/v7e-m+fp/hard\libgcc.a(_arm_fixdfsi.o)
                0x08000bc8                __aeabi_d2iz
                0x08000bc8                __fixdfsi
 .text          0x08000c18       0x40 C:/ST/STM32CubeIDE_1.19.0/STM32CubeIDE/plugins/com.st.stm32cube.ide.mcu.externaltools.gnu-tools-for-stm32.13.3.rel1.win32_1.0.0.202411081344/tools/bin/../lib/gcc/arm-none-eabi/13.3.1/thumb/v7e-m+fp/hard\libgcc.a(_arm_fixunsdfsi.o)
                0x08000c18                __aeabi_d2uiz
                0x08000c18                __fixunsdfsi
 .text          0x08000c58       0xa0 C:/ST/STM32CubeIDE_1.19.0/STM32CubeIDE/plugins/com.st.stm32cube.ide.mcu.externaltools.gnu-tools-for-stm32.13.3.rel1.win32_1.0.0.202411081344/tools/bin/../lib/gcc/arm-none-eabi/13.3.1/thumb/v7e-m+fp/hard\libgcc.a(_arm_truncdfsf2.o)
                0x08000c58                __truncdfsf2
                0x08000c58                __aeabi_d2f
 .text          0x08000cf8       0x30 C:/ST/STM32CubeIDE_1.19.0/STM32CubeIDE/plugins/com.st.stm32cube.ide.mcu.externaltools.gnu-tools-for-stm32.13.3.rel1.win32_1.0.0.202411081344/tools/bin/../lib/gcc/arm-none-eabi/13.3.1/thumb/v7e-m+fp/hard\libgcc.a(_aeabi_uldivmod.o)
                0x08000cf8                __aeabi_uldivmod
 .text          0x08000d28       0x30 C:/ST/STM32CubeIDE_1.19.0/STM32CubeIDE/plugins/com.st.stm32cube.ide.mcu.externaltools.gnu-tools-for-stm32.13.3.rel1.win32_1.0.0.202411081344/tools/bin/../lib/gcc/arm-none-eabi/13.3.1/thumb/v7e-m+fp/hard\libgcc.a(_fixdfdi.o)
                0x08000d28                __fixdfdi
                0x08000d28                __aeabi_d2lz
 .text          0x08000d58       0x3c C:/ST/STM32CubeIDE_1.19.0/STM32CubeIDE/plugins/com.st.stm32cube.ide.mcu.externaltools.gnu-tools-for-stm32.13.3.rel1.win32_1.0.0.202411081344/tools/bin/../lib/gcc/arm-none-eabi/13.3.1/thumb/v7e-m+fp/hard\libgcc.a(_fixunsdfdi.o)
                0x08000d58                __fixunsdfdi
                0x08000d58                __aeabi_d2ulz
 .text          0x08000d94      0x2f8 C:/ST/STM32CubeIDE_1.19.0/STM32CubeIDE/plugins/com.st.stm32cube.ide.mcu.externaltools.gnu-tools-for-stm32.13.3.rel1.win32_1.0.0.202411081344/tools/bin/../lib/gcc/arm-none-eabi/13.3.1/thumb/v7e-m+fp/hard\libgcc.a(_udivmoddi4.o)
                0x08000d94                __udivmoddi4
 .text          0x0800108c        0x4 C:/ST/STM32CubeIDE_1.19.0/STM32CubeIDE/plugins/com.st.stm32cube.ide.mcu.externaltools.gnu-tools-for-stm32.13.3.rel1.win32_1.0.0.202411081344/tools/bin/../lib/gcc/arm-none-eabi/13.3.1/thumb/v7e-m+fp/hard\libgcc.a(_dvmd_tls.o)
                0x0800108c                __aeabi_idiv0
                0x0800108c                __aeabi_ldiv0
 *(.text*)
 .text.CurrentSensor_Init
                0x08001090       0xbc ./Core/Src/current_sensor.o
                0x08001090                CurrentSensor_Init
 .text.CurrentSensor_Sample
                0x0800114c       0xdc ./Core/Src/current_sensor.o
                0x0800114c                CurrentSensor_Sample
 .text.CurrentSensor_GetRaw
                0x08001228       0x18 ./Core/Src/current_sensor.o
                0x08001228                CurrentSensor_GetRaw
 .text.apply_outputs
                0x08001240       0x9c ./Core/Src/hw_io.o
 .text.HW_Init  0x080012dc       0x30 ./Core/Src/hw_io.o
                0x080012dc                HW_Init
 .text.HW_RefreshIO
                0x0800130c      0x5dc ./Core/Src/hw_io.o
                0x0800130c                HW_RefreshIO
 .text.state_deriv
                0x080018e8       0xc4 ./Core/Src/kalman.o
 .text.cov_deriv
                0x080019ac      0x1e4 ./Core/Src/kalman.o
 .text.rk4_state
                0x08001b90      0x1d2 ./Core/Src/kalman.o
 .text.rk4_cov  0x08001d62      0x35c ./Core/Src/kalman.o
 *fill*         0x080020be        0x2 
 .text.Kalman_Init
                0x080020c0      0x148 ./Core/Src/kalman.o
                0x080020c0                Kalman_Init
 .text.Kalman_Reset
                0x08002208       0xe4 ./Core/Src/kalman.o
                0x08002208                Kalman_Reset
 .text.Kalman_Tick
                0x080022ec      0x438 ./Core/Src/kalman.o
                0x080022ec                Kalman_Tick
 .text.Kalman_SanityTick
                0x08002724       0x94 ./Core/Src/kalman.o
                0x08002724                Kalman_SanityTick
 .text.Kalman_SetEnabled
                0x080027b8       0x2c ./Core/Src/kalman.o
                0x080027b8                Kalman_SetEnabled
 .text.Kalman_GetEnabled
                0x080027e4       0x24 ./Core/Src/kalman.o
                0x080027e4                Kalman_GetEnabled
 .text.Kalman_SetSigmaTheta
                0x08002808       0x28 ./Core/Src/kalman.o
                0x08002808                Kalman_SetSigmaTheta
 .text.Kalman_SetSigmaOmega
                0x08002830       0x28 ./Core/Src/kalman.o
                0x08002830                Kalman_SetSigmaOmega
 .text.Kalman_SetSigmaTau
                0x08002858       0x28 ./Core/Src/kalman.o
                0x08002858                Kalman_SetSigmaTau
 .text.Kalman_SetSigmaI
                0x08002880       0x28 ./Core/Src/kalman.o
                0x08002880                Kalman_SetSigmaI
 .text.Kalman_SetR
                0x080028a8       0x40 ./Core/Src/kalman.o
                0x080028a8                Kalman_SetR
 .text.Kalman_GetTheta
                0x080028e8       0x1c ./Core/Src/kalman.o
                0x080028e8                Kalman_GetTheta
 .text.Kalman_GetOmegaRPM
                0x08002904       0x28 ./Core/Src/kalman.o
                0x08002904                Kalman_GetOmegaRPM
 .text.Kalman_GetLoadTorque
                0x0800292c       0x1c ./Core/Src/kalman.o
                0x0800292c                Kalman_GetLoadTorque
 .text.Kalman_GetCurrent
                0x08002948       0x1c ./Core/Src/kalman.o
                0x08002948                Kalman_GetCurrent
 .text.Kalman_GetInnovation
                0x08002964       0x1c ./Core/Src/kalman.o
                0x08002964                Kalman_GetInnovation
 .text.Kalman_GetP00
                0x08002980       0x1c ./Core/Src/kalman.o
                0x08002980                Kalman_GetP00
 .text.Kalman_GetP11
                0x0800299c       0x1c ./Core/Src/kalman.o
                0x0800299c                Kalman_GetP11
 .text.Kalman_GetP22
                0x080029b8       0x1c ./Core/Src/kalman.o
                0x080029b8                Kalman_GetP22
 .text.Kalman_GetP33
                0x080029d4       0x1c ./Core/Src/kalman.o
                0x080029d4                Kalman_GetP33
 .text.Kalman_SanityGetTheta
                0x080029f0       0x1c ./Core/Src/kalman.o
                0x080029f0                Kalman_SanityGetTheta
 .text.Kalman_SanityGetOmega
                0x08002a0c       0x1c ./Core/Src/kalman.o
                0x08002a0c                Kalman_SanityGetOmega
 .text.USART3_QueueTx
                0x08002a28       0x8c ./Core/Src/main.o
                0x08002a28                USART3_QueueTx
 .text.USART3_DrainTx
                0x08002ab4       0x6c ./Core/Src/main.o
 .text.LPUART1_SetMode
                0x08002b20       0xc0 ./Core/Src/main.o
                0x08002b20                LPUART1_SetMode
 .text.Mode_Toggle
                0x08002be0       0x18 ./Core/Src/main.o
                0x08002be0                Mode_Toggle
 .text.Mode_Toggle_Impl
                0x08002bf8       0xc8 ./Core/Src/main.o
 .text.main     0x08002cc0      0x360 ./Core/Src/main.o
                0x08002cc0                main
 .text.SystemClock_Config
                0x08003020       0x96 ./Core/Src/main.o
                0x08003020                SystemClock_Config
 *fill*         0x080030b6        0x2 
 .text.MX_ADC1_Init
                0x080030b8       0xf0 ./Core/Src/main.o
 .text.MX_FDCAN1_Init
                0x080031a8       0x8c ./Core/Src/main.o
 .text.MX_LPUART1_UART_Init
                0x08003234       0x98 ./Core/Src/main.o
 .text.MX_USART3_UART_Init
                0x080032cc       0xa0 ./Core/Src/main.o
 .text.MX_TIM1_Init
                0x0800336c      0x160 ./Core/Src/main.o
 .text.MX_TIM3_Init
                0x080034cc       0xac ./Core/Src/main.o
 .text.MX_TIM6_Init
                0x08003578       0x6c ./Core/Src/main.o
 .text.MX_TIM7_Init
                0x080035e4       0x6c ./Core/Src/main.o
 .text.MX_TIM16_Init
                0x08003650       0x4c ./Core/Src/main.o
 .text.MX_GPIO_Init
                0x0800369c      0x1a0 ./Core/Src/main.o
 .text._write   0x0800383c       0x48 ./Core/Src/main.o
                0x0800383c                _write
 .text.HAL_GPIO_EXTI_Callback
                0x08003884       0x16 ./Core/Src/main.o
                0x08003884                HAL_GPIO_EXTI_Callback
 *fill*         0x0800389a        0x2 
 .text.HAL_TIM_PeriodElapsedCallback
                0x0800389c       0x98 ./Core/Src/main.o
                0x0800389c                HAL_TIM_PeriodElapsedCallback
 .text.HAL_UART_RxCpltCallback
                0x08003934      0x14c ./Core/Src/main.o
                0x08003934                HAL_UART_RxCpltCallback
 .text.HAL_UART_ErrorCallback
                0x08003a80       0x8c ./Core/Src/main.o
                0x08003a80                HAL_UART_ErrorCallback
 .text.Error_Handler
                0x08003b0c        0xc ./Core/Src/main.o
                0x08003b0c                Error_Handler
 .text.motor_at_target
                0x08003b18       0x6c ./Core/Src/modbus_bridge.o
 .text.PnP_StateMachine
                0x08003b84      0x2c4 ./Core/Src/modbus_bridge.o
 .text.ModbusBridge_HandleCommands
                0x08003e48      0x400 ./Core/Src/modbus_bridge.o
 .text.ModbusBridge_Init
                0x08004248       0x64 ./Core/Src/modbus_bridge.o
                0x08004248                ModbusBridge_Init
 .text.ModbusBridge_Process
                0x080042ac       0x1c ./Core/Src/modbus_bridge.o
                0x080042ac                ModbusBridge_Process
 .text.ModbusBridge_UpdateRegisters
                0x080042c8      0x1b0 ./Core/Src/modbus_bridge.o
                0x080042c8                ModbusBridge_UpdateRegisters
 .text.ModbusBridge_RxCallback
                0x08004478       0x7c ./Core/Src/modbus_bridge.o
                0x08004478                ModbusBridge_RxCallback
 .text.ModbusBridge_TimerCallback
                0x080044f4       0x1c ./Core/Src/modbus_bridge.o
                0x080044f4                ModbusBridge_TimerCallback
 .text.ModbusBridge_IsBaseAlive
                0x08004510       0x18 ./Core/Src/modbus_bridge.o
                0x08004510                ModbusBridge_IsBaseAlive
 .text.ModbusBridge_GetPnPState
                0x08004528       0x18 ./Core/Src/modbus_bridge.o
                0x08004528                ModbusBridge_GetPnPState
 .text.CRC16    0x08004540       0x70 ./Core/Src/modbus_rtu.o
 .text.Modbus_Init
                0x080045b0       0x38 ./Core/Src/modbus_rtu.o
                0x080045b0                Modbus_Init
 .text.Modbus_ErrorReply
                0x080045e8       0x38 ./Core/Src/modbus_rtu.o
 .text.Modbus_WriteSingleRegister
                0x08004620       0x6c ./Core/Src/modbus_rtu.o
 .text.Modbus_WriteMultipleRegisters
                0x0800468c       0xee ./Core/Src/modbus_rtu.o
 .text.Modbus_ReadHoldingRegisters
                0x0800477a       0xda ./Core/Src/modbus_rtu.o
 .text.Modbus_Dispatch
                0x08004854       0x46 ./Core/Src/modbus_rtu.o
 .text.Modbus_Emit
                0x0800489a       0x9c ./Core/Src/modbus_rtu.o
 *fill*         0x08004936        0x2 
 .text.Modbus_Process
                0x08004938      0x158 ./Core/Src/modbus_rtu.o
                0x08004938                Modbus_Process
 .text.PID_Compute
                0x08004a90      0x1f0 ./Core/Src/motor_controller.o
 .text.PWM_Apply
                0x08004c80      0x124 ./Core/Src/motor_controller.o
 .text.Motor_DriveWithAntiWindup
                0x08004da4       0xf4 ./Core/Src/motor_controller.o
 .text.Encoder_Update
                0x08004e98      0x104 ./Core/Src/motor_controller.o
 .text.ZVD_UpdateCoefficients
                0x08004f9c      0x16c ./Core/Src/motor_controller.o
 .text.ZVD_FlushBuffer
                0x08005108       0x60 ./Core/Src/motor_controller.o
 .text.Motor_ShaperRecompute
                0x08005168        0xc ./Core/Src/motor_controller.o
                0x08005168                Motor_ShaperRecompute
 .text.scurve_plan
                0x08005174      0x550 ./Core/Src/motor_controller.o
 .text.scurve_eval
                0x080056c4      0x4cc ./Core/Src/motor_controller.o
 .text.Trajectory_Generator_Update
                0x08005b90      0x1b0 ./Core/Src/motor_controller.o
 .text.Motor_RunHomingSequence
                0x08005d40      0x7c4 ./Core/Src/motor_controller.o
                0x08005d40                Motor_RunHomingSequence
 .text.Motor_Init
                0x08006504      0x1f0 ./Core/Src/motor_controller.o
                0x08006504                Motor_Init
 .text.Motor_MoveToPosition
                0x080066f4       0x64 ./Core/Src/motor_controller.o
                0x080066f4                Motor_MoveToPosition
 .text.Motor_SetHomeHere
                0x08006758      0x10c ./Core/Src/motor_controller.o
                0x08006758                Motor_SetHomeHere
 .text.Motor_SendAudioCommand
                0x08006864       0x26 ./Core/Src/motor_controller.o
                0x08006864                Motor_SendAudioCommand
 *fill*         0x0800688a        0x2 
 .text.Motor_SetVoltageLimit
                0x0800688c       0x60 ./Core/Src/motor_controller.o
                0x0800688c                Motor_SetVoltageLimit
 .text.Motor_SetMotionProfile
                0x080068ec       0x30 ./Core/Src/motor_controller.o
                0x080068ec                Motor_SetMotionProfile
 .text.Motor_SendDataToMatlab
                0x0800691c      0x194 ./Core/Src/motor_controller.o
                0x0800691c                Motor_SendDataToMatlab
 .text.Motor_StartAutotune
                0x08006ab0       0x90 ./Core/Src/motor_controller.o
                0x08006ab0                Motor_StartAutotune
 .text.Motor_StartAutotuneSpeed
                0x08006b40       0x9c ./Core/Src/motor_controller.o
                0x08006b40                Motor_StartAutotuneSpeed
 .text.Motor_ProcessPacket
                0x08006bdc      0x210 ./Core/Src/motor_controller.o
                0x08006bdc                Motor_ProcessPacket
 .text.Motor_RefreshWatchdog
                0x08006dec       0x54 ./Core/Src/motor_controller.o
                0x08006dec                Motor_RefreshWatchdog
 .text.Motor_ResetJoystickDebounce
                0x08006e40       0x2c ./Core/Src/motor_controller.o
                0x08006e40                Motor_ResetJoystickDebounce
 .text.Motor_ProcessCommand
                0x08006e6c      0x5b4 ./Core/Src/motor_controller.o
                0x08006e6c                Motor_ProcessCommand
 .text.Motor_ControlLoop
                0x08007420     0x2108 ./Core/Src/motor_controller.o
                0x08007420                Motor_ControlLoop
 .text.Motor_GetPosition
                0x08009528       0x1c ./Core/Src/motor_controller.o
                0x08009528                Motor_GetPosition
 .text.Motor_GetSpeed
                0x08009544       0x1c ./Core/Src/motor_controller.o
                0x08009544                Motor_GetSpeed
 .text.Motor_DrainControlLog
                0x08009560      0x1a8 ./Core/Src/motor_controller.o
                0x08009560                Motor_DrainControlLog
 .text.Gripper_Up
                0x08009708       0x1c ./Core/Src/motor_controller.o
                0x08009708                Gripper_Up
 .text.Gripper_Down
                0x08009724       0x1c ./Core/Src/motor_controller.o
                0x08009724                Gripper_Down
 .text.Gripper_Open
                0x08009740       0x1c ./Core/Src/motor_controller.o
                0x08009740                Gripper_Open
 .text.Gripper_Close
                0x0800975c       0x1c ./Core/Src/motor_controller.o
                0x0800975c                Gripper_Close
 .text.Gripper_Toggle
                0x08009778       0x3c ./Core/Src/motor_controller.o
                0x08009778                Gripper_Toggle
 .text.wait_for_reed
                0x080097b4       0x5c ./Core/Src/motor_controller.o
 .text.wait_for_reed_if_joystick
                0x08009810       0x2c ./Core/Src/motor_controller.o
 .text.Gripper_Sequence_Pick
                0x0800983c       0x7c ./Core/Src/motor_controller.o
                0x0800983c                Gripper_Sequence_Pick
 .text.Gripper_Sequence_Place
                0x080098b8       0x7c ./Core/Src/motor_controller.o
                0x080098b8                Gripper_Sequence_Place
 .text.HAL_MspInit
                0x08009934       0x48 ./Core/Src/stm32g4xx_hal_msp.o
                0x08009934                HAL_MspInit
 .text.HAL_ADC_MspInit
                0x0800997c       0xa8 ./Core/Src/stm32g4xx_hal_msp.o
                0x0800997c                HAL_ADC_MspInit
 .text.HAL_FDCAN_MspInit
                0x08009a24       0xb4 ./Core/Src/stm32g4xx_hal_msp.o
                0x08009a24                HAL_FDCAN_MspInit
 .text.HAL_UART_MspInit
                0x08009ad8      0x154 ./Core/Src/stm32g4xx_hal_msp.o
                0x08009ad8                HAL_UART_MspInit
 .text.HAL_TIM_Base_MspInit
                0x08009c2c       0xf4 ./Core/Src/stm32g4xx_hal_msp.o
                0x08009c2c                HAL_TIM_Base_MspInit
 .text.HAL_TIM_Encoder_MspInit
                0x08009d20       0x88 ./Core/Src/stm32g4xx_hal_msp.o
                0x08009d20                HAL_TIM_Encoder_MspInit
 .text.HAL_TIM_MspPostInit
                0x08009da8       0x70 ./Core/Src/stm32g4xx_hal_msp.o
                0x08009da8                HAL_TIM_MspPostInit
 .text.NMI_Handler
                0x08009e18        0x8 ./Core/Src/stm32g4xx_it.o
                0x08009e18                NMI_Handler
 .text.HardFault_Handler
                0x08009e20        0x8 ./Core/Src/stm32g4xx_it.o
                0x08009e20                HardFault_Handler
 .text.MemManage_Handler
                0x08009e28        0x8 ./Core/Src/stm32g4xx_it.o
                0x08009e28                MemManage_Handler
 .text.BusFault_Handler
                0x08009e30        0x8 ./Core/Src/stm32g4xx_it.o
                0x08009e30                BusFault_Handler
 .text.UsageFault_Handler
                0x08009e38        0x8 ./Core/Src/stm32g4xx_it.o
                0x08009e38                UsageFault_Handler
 .text.SVC_Handler
                0x08009e40        0xe ./Core/Src/stm32g4xx_it.o
                0x08009e40                SVC_Handler
 .text.DebugMon_Handler
                0x08009e4e        0xe ./Core/Src/stm32g4xx_it.o
                0x08009e4e                DebugMon_Handler
 .text.PendSV_Handler
                0x08009e5c        0xe ./Core/Src/stm32g4xx_it.o
                0x08009e5c                PendSV_Handler
 .text.SysTick_Handler
                0x08009e6a        0xc ./Core/Src/stm32g4xx_it.o
                0x08009e6a                SysTick_Handler
 .text.EXTI9_5_IRQHandler
                0x08009e76        0xe ./Core/Src/stm32g4xx_it.o
                0x08009e76                EXTI9_5_IRQHandler
 .text.TIM1_UP_TIM16_IRQHandler
                0x08009e84       0x1c ./Core/Src/stm32g4xx_it.o
                0x08009e84                TIM1_UP_TIM16_IRQHandler
 .text.USART3_IRQHandler
                0x08009ea0       0x14 ./Core/Src/stm32g4xx_it.o
                0x08009ea0                USART3_IRQHandler
 .text.EXTI15_10_IRQHandler
                0x08009eb4       0x10 ./Core/Src/stm32g4xx_it.o
                0x08009eb4                EXTI15_10_IRQHandler
 .text.TIM6_DAC_IRQHandler
                0x08009ec4       0x14 ./Core/Src/stm32g4xx_it.o
                0x08009ec4                TIM6_DAC_IRQHandler
 .text.TIM7_DAC_IRQHandler
                0x08009ed8       0x14 ./Core/Src/stm32g4xx_it.o
                0x08009ed8                TIM7_DAC_IRQHandler
 .text.LPUART1_IRQHandler
                0x08009eec       0x14 ./Core/Src/stm32g4xx_it.o
                0x08009eec                LPUART1_IRQHandler
 .text._getpid  0x08009f00       0x10 ./Core/Src/syscalls.o
                0x08009f00                _getpid
 .text._kill    0x08009f10       0x20 ./Core/Src/syscalls.o
                0x08009f10                _kill
 .text._exit    0x08009f30       0x16 ./Core/Src/syscalls.o
                0x08009f30                _exit
 .text._read    0x08009f46       0x3a ./Core/Src/syscalls.o
                0x08009f46                _read
 .text._close   0x08009f80       0x18 ./Core/Src/syscalls.o
                0x08009f80                _close
 .text._fstat   0x08009f98       0x20 ./Core/Src/syscalls.o
                0x08009f98                _fstat
 .text._isatty  0x08009fb8       0x16 ./Core/Src/syscalls.o
                0x08009fb8                _isatty
 .text._lseek   0x08009fce       0x1a ./Core/Src/syscalls.o
                0x08009fce                _lseek
 .text._sbrk    0x08009fe8       0x6c ./Core/Src/sysmem.o
                0x08009fe8                _sbrk
 .text.SystemInit
                0x0800a054       0x24 ./Core/Src/system_stm32g4xx.o
                0x0800a054                SystemInit
 .text.Telemetry_HasReceivedCommand
                0x0800a078       0x18 ./Core/Src/telemetry_hub.o
                0x0800a078                Telemetry_HasReceivedCommand
 .text.Telemetry_Init
                0x0800a090       0x3c ./Core/Src/telemetry_hub.o
                0x0800a090                Telemetry_Init
 .text.Telemetry_Update
                0x0800a0cc      0x5d4 ./Core/Src/telemetry_hub.o
                0x0800a0cc                Telemetry_Update
 .text.Telemetry_ProcessByte
                0x0800a6a0       0x88 ./Core/Src/telemetry_hub.o
                0x0800a6a0                Telemetry_ProcessByte
 .text.Telemetry_ParseCommand
                0x0800a728       0x74 ./Core/Src/telemetry_hub.o
 .text.Telemetry_HandleSet
                0x0800a79c      0x7fc ./Core/Src/telemetry_hub.o
 .text.Telemetry_HandleCmd
                0x0800af98      0x1f4 ./Core/Src/telemetry_hub.o
 .text.Reset_Handler
                0x0800b18c       0x50 ./Core/Startup/startup_stm32g474retx.o
                0x0800b18c                Reset_Handler
 .text.Default_Handler
                0x0800b1dc        0x2 ./Core/Startup/startup_stm32g474retx.o
                0x0800b1dc                RTC_Alarm_IRQHandler
                0x0800b1dc                EXTI2_IRQHandler
                0x0800b1dc                TIM8_TRG_COM_IRQHandler
                0x0800b1dc                TIM8_CC_IRQHandler
                0x0800b1dc                HRTIM1_Master_IRQHandler
                0x0800b1dc                SPI4_IRQHandler
                0x0800b1dc                FDCAN3_IT0_IRQHandler
                0x0800b1dc                TIM1_CC_IRQHandler
                0x0800b1dc                HRTIM1_FLT_IRQHandler
                0x0800b1dc                HRTIM1_TIMF_IRQHandler
                0x0800b1dc                USB_HP_IRQHandler
                0x0800b1dc                CORDIC_IRQHandler
                0x0800b1dc                HRTIM1_TIMD_IRQHandler
                0x0800b1dc                DMA2_Channel8_IRQHandler
                0x0800b1dc                EXTI3_IRQHandler
                0x0800b1dc                I2C3_ER_IRQHandler
                0x0800b1dc                EXTI0_IRQHandler
                0x0800b1dc                I2C2_EV_IRQHandler
                0x0800b1dc                FPU_IRQHandler
                0x0800b1dc                FDCAN1_IT1_IRQHandler
                0x0800b1dc                ADC1_2_IRQHandler
                0x0800b1dc                HRTIM1_TIME_IRQHandler
                0x0800b1dc                SPI1_IRQHandler
                0x0800b1dc                HRTIM1_TIMC_IRQHandler
                0x0800b1dc                TIM8_UP_IRQHandler
                0x0800b1dc                DMA2_Channel2_IRQHandler
                0x0800b1dc                DMA1_Channel4_IRQHandler
                0x0800b1dc                TIM20_TRG_COM_IRQHandler
                0x0800b1dc                DMA1_Channel7_IRQHandler
                0x0800b1dc                UART5_IRQHandler
                0x0800b1dc                ADC3_IRQHandler
                0x0800b1dc                TIM4_IRQHandler
                0x0800b1dc                DMA2_Channel1_IRQHandler
                0x0800b1dc                QUADSPI_IRQHandler
                0x0800b1dc                I2C1_EV_IRQHandler
                0x0800b1dc                DMA1_Channel6_IRQHandler
                0x0800b1dc                UART4_IRQHandler
                0x0800b1dc                DMA2_Channel4_IRQHandler
                0x0800b1dc                TIM3_IRQHandler
                0x0800b1dc                RCC_IRQHandler
                0x0800b1dc                TIM20_UP_IRQHandler
                0x0800b1dc                DMA1_Channel1_IRQHandler
                0x0800b1dc                Default_Handler
                0x0800b1dc                DMA2_Channel7_IRQHandler
                0x0800b1dc                RTC_TAMP_LSECSS_IRQHandler
                0x0800b1dc                FMAC_IRQHandler
                0x0800b1dc                DMA1_Channel8_IRQHandler
                0x0800b1dc                HRTIM1_TIMA_IRQHandler
                0x0800b1dc                FDCAN3_IT1_IRQHandler
                0x0800b1dc                TIM5_IRQHandler
                0x0800b1dc                UCPD1_IRQHandler
                0x0800b1dc                I2C3_EV_IRQHandler
                0x0800b1dc                RTC_WKUP_IRQHandler
                0x0800b1dc                PVD_PVM_IRQHandler
                0x0800b1dc                SPI2_IRQHandler
                0x0800b1dc                ADC5_IRQHandler
                0x0800b1dc                DMA2_Channel5_IRQHandler
                0x0800b1dc                CRS_IRQHandler
                0x0800b1dc                DMA1_Channel5_IRQHandler
                0x0800b1dc                USB_LP_IRQHandler
                0x0800b1dc                EXTI4_IRQHandler
                0x0800b1dc                RNG_IRQHandler
                0x0800b1dc                HRTIM1_TIMB_IRQHandler
                0x0800b1dc                TIM1_TRG_COM_TIM17_IRQHandler
                0x0800b1dc                FDCAN2_IT1_IRQHandler
                0x0800b1dc                DMA1_Channel3_IRQHandler
                0x0800b1dc                ADC4_IRQHandler
                0x0800b1dc                WWDG_IRQHandler
                0x0800b1dc                I2C4_EV_IRQHandler
                0x0800b1dc                FDCAN2_IT0_IRQHandler
                0x0800b1dc                DMA2_Channel6_IRQHandler
                0x0800b1dc                FDCAN1_IT0_IRQHandler
                0x0800b1dc                TIM2_IRQHandler
                0x0800b1dc                COMP7_IRQHandler
                0x0800b1dc                COMP1_2_3_IRQHandler
                0x0800b1dc                EXTI1_IRQHandler
                0x0800b1dc                USART2_IRQHandler
                0x0800b1dc                COMP4_5_6_IRQHandler
                0x0800b1dc                TIM20_BRK_IRQHandler
                0x0800b1dc                I2C2_ER_IRQHandler
                0x0800b1dc                DMA1_Channel2_IRQHandler
                0x0800b1dc                TIM8_BRK_IRQHandler
                0x0800b1dc                FLASH_IRQHandler
                0x0800b1dc                TIM20_CC_IRQHandler
                0x0800b1dc                USART1_IRQHandler
                0x0800b1dc                SPI3_IRQHandler
                0x0800b1dc                I2C1_ER_IRQHandler
                0x0800b1dc                FMC_IRQHandler
                0x0800b1dc                LPTIM1_IRQHandler
                0x0800b1dc                DMAMUX_OVR_IRQHandler
                0x0800b1dc                I2C4_ER_IRQHandler
                0x0800b1dc                USBWakeUp_IRQHandler
                0x0800b1dc                SAI1_IRQHandler
                0x0800b1dc                DMA2_Channel3_IRQHandler
                0x0800b1dc                TIM1_BRK_TIM15_IRQHandler
 .text.HAL_Init
                0x0800b1de       0x30 ./Drivers/STM32G4xx_HAL_Driver/Src/stm32g4xx_hal.o
                0x0800b1de                HAL_Init
 *fill*         0x0800b20e        0x2 
 .text.HAL_InitTick
                0x0800b210       0x74 ./Drivers/STM32G4xx_HAL_Driver/Src/stm32g4xx_hal.o
                0x0800b210                HAL_InitTick
 .text.HAL_IncTick
                0x0800b284       0x24 ./Drivers/STM32G4xx_HAL_Driver/Src/stm32g4xx_hal.o
                0x0800b284                HAL_IncTick
 .text.HAL_GetTick
                0x0800b2a8       0x18 ./Drivers/STM32G4xx_HAL_Driver/Src/stm32g4xx_hal.o
                0x0800b2a8                HAL_GetTick
 .text.HAL_Delay
                0x0800b2c0       0x44 ./Drivers/STM32G4xx_HAL_Driver/Src/stm32g4xx_hal.o
                0x0800b2c0                HAL_Delay
 .text.LL_ADC_SetCommonClock
                0x0800b304       0x26 ./Drivers/STM32G4xx_HAL_Driver/Src/stm32g4xx_hal_adc.o
 .text.LL_ADC_SetCommonPathInternalCh
                0x0800b32a       0x26 ./Drivers/STM32G4xx_HAL_Driver/Src/stm32g4xx_hal_adc.o
 .text.LL_ADC_GetCommonPathInternalCh
                0x0800b350       0x1c ./Drivers/STM32G4xx_HAL_Driver/Src/stm32g4xx_hal_adc.o
 .text.LL_ADC_SetOffset
                0x0800b36c       0x48 ./Drivers/STM32G4xx_HAL_Driver/Src/stm32g4xx_hal_adc.o
 .text.LL_ADC_GetOffsetChannel
                0x0800b3b4       0x2c ./Drivers/STM32G4xx_HAL_Driver/Src/stm32g4xx_hal_adc.o
 .text.LL_ADC_SetOffsetState
                0x0800b3e0       0x36 ./Drivers/STM32G4xx_HAL_Driver/Src/stm32g4xx_hal_adc.o
 .text.LL_ADC_SetOffsetSign
                0x0800b416       0x36 ./Drivers/STM32G4xx_HAL_Driver/Src/stm32g4xx_hal_adc.o
 .text.LL_ADC_SetOffsetSaturation
                0x0800b44c       0x36 ./Drivers/STM32G4xx_HAL_Driver/Src/stm32g4xx_hal_adc.o
 .text.LL_ADC_SetSamplingTimeCommonConfig
                0x0800b482       0x26 ./Drivers/STM32G4xx_HAL_Driver/Src/stm32g4xx_hal_adc.o
 .text.LL_ADC_REG_IsTriggerSourceSWStart
                0x0800b4a8       0x26 ./Drivers/STM32G4xx_HAL_Driver/Src/stm32g4xx_hal_adc.o
 .text.LL_ADC_REG_SetSequencerRanks
                0x0800b4ce       0x58 ./Drivers/STM32G4xx_HAL_Driver/Src/stm32g4xx_hal_adc.o
 .text.LL_ADC_SetChannelSamplingTime
                0x0800b526       0x56 ./Drivers/STM32G4xx_HAL_Driver/Src/stm32g4xx_hal_adc.o
 .text.LL_ADC_SetChannelSingleDiff
                0x0800b57c       0x48 ./Drivers/STM32G4xx_HAL_Driver/Src/stm32g4xx_hal_adc.o
 .text.LL_ADC_GetMultimode
                0x0800b5c4       0x1c ./Drivers/STM32G4xx_HAL_Driver/Src/stm32g4xx_hal_adc.o
 .text.LL_ADC_GetMultiDMATransfer
                0x0800b5e0       0x1c ./Drivers/STM32G4xx_HAL_Driver/Src/stm32g4xx_hal_adc.o
 .text.LL_ADC_DisableDeepPowerDown
                0x0800b5fc       0x24 ./Drivers/STM32G4xx_HAL_Driver/Src/stm32g4xx_hal_adc.o
 .text.LL_ADC_IsDeepPowerDownEnabled
                0x0800b620       0x28 ./Drivers/STM32G4xx_HAL_Driver/Src/stm32g4xx_hal_adc.o
 .text.LL_ADC_EnableInternalRegulator
                0x0800b648       0x28 ./Drivers/STM32G4xx_HAL_Driver/Src/stm32g4xx_hal_adc.o
 .text.LL_ADC_IsInternalRegulatorEnabled
                0x0800b670       0x28 ./Drivers/STM32G4xx_HAL_Driver/Src/stm32g4xx_hal_adc.o
 .text.LL_ADC_Enable
                0x0800b698       0x28 ./Drivers/STM32G4xx_HAL_Driver/Src/stm32g4xx_hal_adc.o
 .text.LL_ADC_Disable
                0x0800b6c0       0x28 ./Drivers/STM32G4xx_HAL_Driver/Src/stm32g4xx_hal_adc.o
 .text.LL_ADC_IsEnabled
                0x0800b6e8       0x26 ./Drivers/STM32G4xx_HAL_Driver/Src/stm32g4xx_hal_adc.o
 .text.LL_ADC_IsDisableOngoing
                0x0800b70e       0x26 ./Drivers/STM32G4xx_HAL_Driver/Src/stm32g4xx_hal_adc.o
 .text.LL_ADC_REG_StartConversion
                0x0800b734       0x28 ./Drivers/STM32G4xx_HAL_Driver/Src/stm32g4xx_hal_adc.o
 .text.LL_ADC_REG_StopConversion
                0x0800b75c       0x28 ./Drivers/STM32G4xx_HAL_Driver/Src/stm32g4xx_hal_adc.o
 .text.LL_ADC_REG_IsConversionOngoing
                0x0800b784       0x26 ./Drivers/STM32G4xx_HAL_Driver/Src/stm32g4xx_hal_adc.o
 .text.LL_ADC_INJ_StopConversion
                0x0800b7aa       0x28 ./Drivers/STM32G4xx_HAL_Driver/Src/stm32g4xx_hal_adc.o
 .text.LL_ADC_INJ_IsConversionOngoing
                0x0800b7d2       0x26 ./Drivers/STM32G4xx_HAL_Driver/Src/stm32g4xx_hal_adc.o
 .text.HAL_ADC_Init
                0x0800b7f8      0x378 ./Drivers/STM32G4xx_HAL_Driver/Src/stm32g4xx_hal_adc.o
                0x0800b7f8                HAL_ADC_Init
 .text.HAL_ADC_Start
                0x0800bb70      0x1c8 ./Drivers/STM32G4xx_HAL_Driver/Src/stm32g4xx_hal_adc.o
                0x0800bb70                HAL_ADC_Start
 .text.HAL_ADC_Stop
                0x0800bd38       0x66 ./Drivers/STM32G4xx_HAL_Driver/Src/stm32g4xx_hal_adc.o
                0x0800bd38                HAL_ADC_Stop
 *fill*         0x0800bd9e        0x2 
 .text.HAL_ADC_PollForConversion
                0x0800bda0      0x20c ./Drivers/STM32G4xx_HAL_Driver/Src/stm32g4xx_hal_adc.o
                0x0800bda0                HAL_ADC_PollForConversion
 .text.HAL_ADC_GetValue
                0x0800bfac       0x1a ./Drivers/STM32G4xx_HAL_Driver/Src/stm32g4xx_hal_adc.o
                0x0800bfac                HAL_ADC_GetValue
 *fill*         0x0800bfc6        0x2 
 .text.HAL_ADC_ConfigChannel
                0x0800bfc8      0x880 ./Drivers/STM32G4xx_HAL_Driver/Src/stm32g4xx_hal_adc.o
                0x0800bfc8                HAL_ADC_ConfigChannel
 .text.ADC_ConversionStop
                0x0800c848      0x178 ./Drivers/STM32G4xx_HAL_Driver/Src/stm32g4xx_hal_adc.o
                0x0800c848                ADC_ConversionStop
 .text.ADC_Enable
                0x0800c9c0      0x12c ./Drivers/STM32G4xx_HAL_Driver/Src/stm32g4xx_hal_adc.o
                0x0800c9c0                ADC_Enable
 .text.ADC_Disable
                0x0800caec       0xbe ./Drivers/STM32G4xx_HAL_Driver/Src/stm32g4xx_hal_adc.o
                0x0800caec                ADC_Disable
 .text.LL_ADC_IsEnabled
                0x0800cbaa       0x26 ./Drivers/STM32G4xx_HAL_Driver/Src/stm32g4xx_hal_adc_ex.o
 .text.LL_ADC_StartCalibration
                0x0800cbd0       0x32 ./Drivers/STM32G4xx_HAL_Driver/Src/stm32g4xx_hal_adc_ex.o
 .text.LL_ADC_IsCalibrationOnGoing
                0x0800cc02       0x28 ./Drivers/STM32G4xx_HAL_Driver/Src/stm32g4xx_hal_adc_ex.o
 .text.LL_ADC_REG_IsConversionOngoing
                0x0800cc2a       0x26 ./Drivers/STM32G4xx_HAL_Driver/Src/stm32g4xx_hal_adc_ex.o
 .text.HAL_ADCEx_Calibration_Start
                0x0800cc50       0xc4 ./Drivers/STM32G4xx_HAL_Driver/Src/stm32g4xx_hal_adc_ex.o
                0x0800cc50                HAL_ADCEx_Calibration_Start
 .text.HAL_ADCEx_MultiModeConfigChannel
                0x0800cd14      0x210 ./Drivers/STM32G4xx_HAL_Driver/Src/stm32g4xx_hal_adc_ex.o
                0x0800cd14                HAL_ADCEx_MultiModeConfigChannel
 .text.__NVIC_SetPriorityGrouping
                0x0800cf24       0x48 ./Drivers/STM32G4xx_HAL_Driver/Src/stm32g4xx_hal_cortex.o
 .text.__NVIC_GetPriorityGrouping
                0x0800cf6c       0x1c ./Drivers/STM32G4xx_HAL_Driver/Src/stm32g4xx_hal_cortex.o
 .text.__NVIC_EnableIRQ
                0x0800cf88       0x3c ./Drivers/STM32G4xx_HAL_Driver/Src/stm32g4xx_hal_cortex.o
 .text.__NVIC_SetPriority
                0x0800cfc4       0x54 ./Drivers/STM32G4xx_HAL_Driver/Src/stm32g4xx_hal_cortex.o
 .text.NVIC_EncodePriority
                0x0800d018       0x66 ./Drivers/STM32G4xx_HAL_Driver/Src/stm32g4xx_hal_cortex.o
 *fill*         0x0800d07e        0x2 
 .text.SysTick_Config
                0x0800d080       0x44 ./Drivers/STM32G4xx_HAL_Driver/Src/stm32g4xx_hal_cortex.o
 .text.HAL_NVIC_SetPriorityGrouping
                0x0800d0c4       0x16 ./Drivers/STM32G4xx_HAL_Driver/Src/stm32g4xx_hal_cortex.o
                0x0800d0c4                HAL_NVIC_SetPriorityGrouping
 .text.HAL_NVIC_SetPriority
                0x0800d0da       0x34 ./Drivers/STM32G4xx_HAL_Driver/Src/stm32g4xx_hal_cortex.o
                0x0800d0da                HAL_NVIC_SetPriority
 .text.HAL_NVIC_EnableIRQ
                0x0800d10e       0x1c ./Drivers/STM32G4xx_HAL_Driver/Src/stm32g4xx_hal_cortex.o
                0x0800d10e                HAL_NVIC_EnableIRQ
 .text.HAL_SYSTICK_Config
                0x0800d12a       0x18 ./Drivers/STM32G4xx_HAL_Driver/Src/stm32g4xx_hal_cortex.o
                0x0800d12a                HAL_SYSTICK_Config
 .text.HAL_DMA_Abort
                0x0800d142       0xbc ./Drivers/STM32G4xx_HAL_Driver/Src/stm32g4xx_hal_dma.o
                0x0800d142                HAL_DMA_Abort
 .text.HAL_DMA_Abort_IT
                0x0800d1fe       0xce ./Drivers/STM32G4xx_HAL_Driver/Src/stm32g4xx_hal_dma.o
                0x0800d1fe                HAL_DMA_Abort_IT
 .text.HAL_DMA_GetError
                0x0800d2cc       0x18 ./Drivers/STM32G4xx_HAL_Driver/Src/stm32g4xx_hal_dma.o
                0x0800d2cc                HAL_DMA_GetError
 .text.HAL_FDCAN_Init
                0x0800d2e4      0x2b4 ./Drivers/STM32G4xx_HAL_Driver/Src/stm32g4xx_hal_fdcan.o
                0x0800d2e4                HAL_FDCAN_Init
 .text.FDCAN_CalcultateRamBlockAddresses
                0x0800d598       0xd8 ./Drivers/STM32G4xx_HAL_Driver/Src/stm32g4xx_hal_fdcan.o
 .text.HAL_GPIO_Init
                0x0800d670      0x318 ./Drivers/STM32G4xx_HAL_Driver/Src/stm32g4xx_hal_gpio.o
                0x0800d670                HAL_GPIO_Init
 .text.HAL_GPIO_ReadPin
                0x0800d988       0x30 ./Drivers/STM32G4xx_HAL_Driver/Src/stm32g4xx_hal_gpio.o
                0x0800d988                HAL_GPIO_ReadPin
 .text.HAL_GPIO_WritePin
                0x0800d9b8       0x30 ./Drivers/STM32G4xx_HAL_Driver/Src/stm32g4xx_hal_gpio.o
                0x0800d9b8                HAL_GPIO_WritePin
 .text.HAL_GPIO_EXTI_IRQHandler
                0x0800d9e8       0x30 ./Drivers/STM32G4xx_HAL_Driver/Src/stm32g4xx_hal_gpio.o
                0x0800d9e8                HAL_GPIO_EXTI_IRQHandler
 .text.HAL_PWREx_ControlVoltageScaling
                0x0800da18      0x148 ./Drivers/STM32G4xx_HAL_Driver/Src/stm32g4xx_hal_pwr_ex.o
                0x0800da18                HAL_PWREx_ControlVoltageScaling
 .text.HAL_PWREx_DisableUCPDDeadBattery
                0x0800db60       0x20 ./Drivers/STM32G4xx_HAL_Driver/Src/stm32g4xx_hal_pwr_ex.o
                0x0800db60                HAL_PWREx_DisableUCPDDeadBattery
 .text.HAL_RCC_OscConfig
                0x0800db80      0x624 ./Drivers/STM32G4xx_HAL_Driver/Src/stm32g4xx_hal_rcc.o
                0x0800db80                HAL_RCC_OscConfig
 .text.HAL_RCC_ClockConfig
                0x0800e1a4      0x278 ./Drivers/STM32G4xx_HAL_Driver/Src/stm32g4xx_hal_rcc.o
                0x0800e1a4                HAL_RCC_ClockConfig
 .text.HAL_RCC_GetSysClockFreq
                0x0800e41c       0xc4 ./Drivers/STM32G4xx_HAL_Driver/Src/stm32g4xx_hal_rcc.o
                0x0800e41c                HAL_RCC_GetSysClockFreq
 .text.HAL_RCC_GetHCLKFreq
                0x0800e4e0       0x18 ./Drivers/STM32G4xx_HAL_Driver/Src/stm32g4xx_hal_rcc.o
                0x0800e4e0                HAL_RCC_GetHCLKFreq
 .text.HAL_RCC_GetPCLK1Freq
                0x0800e4f8       0x2c ./Drivers/STM32G4xx_HAL_Driver/Src/stm32g4xx_hal_rcc.o
                0x0800e4f8                HAL_RCC_GetPCLK1Freq
 .text.HAL_RCC_GetPCLK2Freq
                0x0800e524       0x2c ./Drivers/STM32G4xx_HAL_Driver/Src/stm32g4xx_hal_rcc.o
                0x0800e524                HAL_RCC_GetPCLK2Freq
 .text.RCC_GetSysClockFreqFromPLLSource
                0x0800e550       0x8c ./Drivers/STM32G4xx_HAL_Driver/Src/stm32g4xx_hal_rcc.o
 .text.HAL_RCCEx_PeriphCLKConfig
                0x0800e5dc      0x49c ./Drivers/STM32G4xx_HAL_Driver/Src/stm32g4xx_hal_rcc_ex.o
                0x0800e5dc                HAL_RCCEx_PeriphCLKConfig
 .text.HAL_TIM_Base_Init
                0x0800ea78       0xae ./Drivers/STM32G4xx_HAL_Driver/Src/stm32g4xx_hal_tim.o
                0x0800ea78                HAL_TIM_Base_Init
 *fill*         0x0800eb26        0x2 
 .text.HAL_TIM_Base_Start_IT
                0x0800eb28       0xf0 ./Drivers/STM32G4xx_HAL_Driver/Src/stm32g4xx_hal_tim.o
                0x0800eb28                HAL_TIM_Base_Start_IT
 .text.HAL_TIM_Base_Stop_IT
                0x0800ec18       0x60 ./Drivers/STM32G4xx_HAL_Driver/Src/stm32g4xx_hal_tim.o
                0x0800ec18                HAL_TIM_Base_Stop_IT
 .text.HAL_TIM_PWM_Init
                0x0800ec78       0xae ./Drivers/STM32G4xx_HAL_Driver/Src/stm32g4xx_hal_tim.o
                0x0800ec78                HAL_TIM_PWM_Init
 .text.HAL_TIM_PWM_MspInit
                0x0800ed26       0x14 ./Drivers/STM32G4xx_HAL_Driver/Src/stm32g4xx_hal_tim.o
                0x0800ed26                HAL_TIM_PWM_MspInit
 *fill*         0x0800ed3a        0x2 
 .text.HAL_TIM_PWM_Start
                0x0800ed3c      0x224 ./Drivers/STM32G4xx_HAL_Driver/Src/stm32g4xx_hal_tim.o
                0x0800ed3c                HAL_TIM_PWM_Start
 .text.HAL_TIM_Encoder_Init
                0x0800ef60      0x14c ./Drivers/STM32G4xx_HAL_Driver/Src/stm32g4xx_hal_tim.o
                0x0800ef60                HAL_TIM_Encoder_Init
 .text.HAL_TIM_Encoder_Start
                0x0800f0ac      0x11c ./Drivers/STM32G4xx_HAL_Driver/Src/stm32g4xx_hal_tim.o
                0x0800f0ac                HAL_TIM_Encoder_Start
 .text.HAL_TIM_IRQHandler
                0x0800f1c8      0x29e ./Drivers/STM32G4xx_HAL_Driver/Src/stm32g4xx_hal_tim.o
                0x0800f1c8                HAL_TIM_IRQHandler
 *fill*         0x0800f466        0x2 
 .text.HAL_TIM_PWM_ConfigChannel
                0x0800f468      0x228 ./Drivers/STM32G4xx_HAL_Driver/Src/stm32g4xx_hal_tim.o
                0x0800f468                HAL_TIM_PWM_ConfigChannel
 .text.HAL_TIM_ConfigClockSource
                0x0800f690      0x22c ./Drivers/STM32G4xx_HAL_Driver/Src/stm32g4xx_hal_tim.o
                0x0800f690                HAL_TIM_ConfigClockSource
 .text.HAL_TIM_OC_DelayElapsedCallback
                0x0800f8bc       0x14 ./Drivers/STM32G4xx_HAL_Driver/Src/stm32g4xx_hal_tim.o
                0x0800f8bc                HAL_TIM_OC_DelayElapsedCallback
 .text.HAL_TIM_IC_CaptureCallback
                0x0800f8d0       0x14 ./Drivers/STM32G4xx_HAL_Driver/Src/stm32g4xx_hal_tim.o
                0x0800f8d0                HAL_TIM_IC_CaptureCallback
 .text.HAL_TIM_PWM_PulseFinishedCallback
                0x0800f8e4       0x14 ./Drivers/STM32G4xx_HAL_Driver/Src/stm32g4xx_hal_tim.o
                0x0800f8e4                HAL_TIM_PWM_PulseFinishedCallback
 .text.HAL_TIM_TriggerCallback
                0x0800f8f8       0x14 ./Drivers/STM32G4xx_HAL_Driver/Src/stm32g4xx_hal_tim.o
                0x0800f8f8                HAL_TIM_TriggerCallback
 .text.TIM_Base_SetConfig
                0x0800f90c      0x15c ./Drivers/STM32G4xx_HAL_Driver/Src/stm32g4xx_hal_tim.o
                0x0800f90c                TIM_Base_SetConfig
 .text.TIM_OC1_SetConfig
                0x0800fa68      0x138 ./Drivers/STM32G4xx_HAL_Driver/Src/stm32g4xx_hal_tim.o
 .text.TIM_OC2_SetConfig
                0x0800fba0      0x12c ./Drivers/STM32G4xx_HAL_Driver/Src/stm32g4xx_hal_tim.o
                0x0800fba0                TIM_OC2_SetConfig
 .text.TIM_OC3_SetConfig
                0x0800fccc      0x128 ./Drivers/STM32G4xx_HAL_Driver/Src/stm32g4xx_hal_tim.o
 .text.TIM_OC4_SetConfig
                0x0800fdf4      0x12c ./Drivers/STM32G4xx_HAL_Driver/Src/stm32g4xx_hal_tim.o
 .text.TIM_OC5_SetConfig
                0x0800ff20       0xd4 ./Drivers/STM32G4xx_HAL_Driver/Src/stm32g4xx_hal_tim.o
 .text.TIM_OC6_SetConfig
                0x0800fff4       0xd8 ./Drivers/STM32G4xx_HAL_Driver/Src/stm32g4xx_hal_tim.o
 .text.TIM_TI1_ConfigInputStage
                0x080100cc       0xb4 ./Drivers/STM32G4xx_HAL_Driver/Src/stm32g4xx_hal_tim.o
 .text.TIM_TI2_ConfigInputStage
                0x08010180       0x90 ./Drivers/STM32G4xx_HAL_Driver/Src/stm32g4xx_hal_tim.o
 .text.TIM_ITRx_SetConfig
                0x08010210       0x3a ./Drivers/STM32G4xx_HAL_Driver/Src/stm32g4xx_hal_tim.o
 .text.TIM_ETR_SetConfig
                0x0801024a       0x40 ./Drivers/STM32G4xx_HAL_Driver/Src/stm32g4xx_hal_tim.o
                0x0801024a                TIM_ETR_SetConfig
 .text.TIM_CCxChannelCmd
                0x0801028a       0x4a ./Drivers/STM32G4xx_HAL_Driver/Src/stm32g4xx_hal_tim.o
                0x0801028a                TIM_CCxChannelCmd
 .text.HAL_TIMEx_MasterConfigSynchronization
                0x080102d4      0x12c ./Drivers/STM32G4xx_HAL_Driver/Src/stm32g4xx_hal_tim_ex.o
                0x080102d4                HAL_TIMEx_MasterConfigSynchronization
 .text.HAL_TIMEx_ConfigBreakDeadTime
                0x08010400      0x128 ./Drivers/STM32G4xx_HAL_Driver/Src/stm32g4xx_hal_tim_ex.o
                0x08010400                HAL_TIMEx_ConfigBreakDeadTime
 .text.HAL_TIMEx_CommutCallback
                0x08010528       0x14 ./Drivers/STM32G4xx_HAL_Driver/Src/stm32g4xx_hal_tim_ex.o
                0x08010528                HAL_TIMEx_CommutCallback
 .text.HAL_TIMEx_BreakCallback
                0x0801053c       0x14 ./Drivers/STM32G4xx_HAL_Driver/Src/stm32g4xx_hal_tim_ex.o
                0x0801053c                HAL_TIMEx_BreakCallback
 .text.HAL_TIMEx_Break2Callback
                0x08010550       0x14 ./Drivers/STM32G4xx_HAL_Driver/Src/stm32g4xx_hal_tim_ex.o
                0x08010550                HAL_TIMEx_Break2Callback
 .text.HAL_TIMEx_EncoderIndexCallback
                0x08010564       0x14 ./Drivers/STM32G4xx_HAL_Driver/Src/stm32g4xx_hal_tim_ex.o
                0x08010564                HAL_TIMEx_EncoderIndexCallback
 .text.HAL_TIMEx_DirectionChangeCallback
                0x08010578       0x14 ./Drivers/STM32G4xx_HAL_Driver/Src/stm32g4xx_hal_tim_ex.o
                0x08010578                HAL_TIMEx_DirectionChangeCallback
 .text.HAL_TIMEx_IndexErrorCallback
                0x0801058c       0x14 ./Drivers/STM32G4xx_HAL_Driver/Src/stm32g4xx_hal_tim_ex.o
                0x0801058c                HAL_TIMEx_IndexErrorCallback
 .text.HAL_TIMEx_TransitionErrorCallback
                0x080105a0       0x14 ./Drivers/STM32G4xx_HAL_Driver/Src/stm32g4xx_hal_tim_ex.o
                0x080105a0                HAL_TIMEx_TransitionErrorCallback
 .text.HAL_UART_Init
                0x080105b4       0xa0 ./Drivers/STM32G4xx_HAL_Driver/Src/stm32g4xx_hal_uart.o
                0x080105b4                HAL_UART_Init
 .text.HAL_UART_Transmit
                0x08010654      0x132 ./Drivers/STM32G4xx_HAL_Driver/Src/stm32g4xx_hal_uart.o
                0x08010654                HAL_UART_Transmit
 *fill*         0x08010786        0x2 
 .text.HAL_UART_Transmit_IT
                0x08010788      0x128 ./Drivers/STM32G4xx_HAL_Driver/Src/stm32g4xx_hal_uart.o
                0x08010788                HAL_UART_Transmit_IT
 .text.HAL_UART_Receive_IT
                0x080108b0       0x98 ./Drivers/STM32G4xx_HAL_Driver/Src/stm32g4xx_hal_uart.o
                0x080108b0                HAL_UART_Receive_IT
 .text.HAL_UART_Abort
                0x08010948      0x20a ./Drivers/STM32G4xx_HAL_Driver/Src/stm32g4xx_hal_uart.o
                0x08010948                HAL_UART_Abort
 *fill*         0x08010b52        0x2 
 .text.HAL_UART_IRQHandler
                0x08010b54      0x684 ./Drivers/STM32G4xx_HAL_Driver/Src/stm32g4xx_hal_uart.o
                0x08010b54                HAL_UART_IRQHandler
 .text.HAL_UART_TxCpltCallback
                0x080111d8       0x14 ./Drivers/STM32G4xx_HAL_Driver/Src/stm32g4xx_hal_uart.o
                0x080111d8                HAL_UART_TxCpltCallback
 .text.HAL_UARTEx_RxEventCallback
                0x080111ec       0x18 ./Drivers/STM32G4xx_HAL_Driver/Src/stm32g4xx_hal_uart.o
                0x080111ec                HAL_UARTEx_RxEventCallback
 .text.UART_SetConfig
                0x08011204      0x5f8 ./Drivers/STM32G4xx_HAL_Driver/Src/stm32g4xx_hal_uart.o
                0x08011204                UART_SetConfig
 .text.UART_AdvFeatureConfig
                0x080117fc      0x144 ./Drivers/STM32G4xx_HAL_Driver/Src/stm32g4xx_hal_uart.o
                0x080117fc                UART_AdvFeatureConfig
 .text.UART_CheckIdleState
                0x08011940      0x154 ./Drivers/STM32G4xx_HAL_Driver/Src/stm32g4xx_hal_uart.o
                0x08011940                UART_CheckIdleState
 .text.UART_WaitOnFlagUntilTimeout
                0x08011a94       0xda ./Drivers/STM32G4xx_HAL_Driver/Src/stm32g4xx_hal_uart.o
                0x08011a94                UART_WaitOnFlagUntilTimeout
 *fill*         0x08011b6e        0x2 
 .text.UART_Start_Receive_IT
                0x08011b70      0x244 ./Drivers/STM32G4xx_HAL_Driver/Src/stm32g4xx_hal_uart.o
                0x08011b70                UART_Start_Receive_IT
 .text.UART_EndRxTransfer
                0x08011db4       0xcc ./Drivers/STM32G4xx_HAL_Driver/Src/stm32g4xx_hal_uart.o
 .text.UART_DMAAbortOnError
                0x08011e80       0x1c ./Drivers/STM32G4xx_HAL_Driver/Src/stm32g4xx_hal_uart.o
 .text.UART_TxISR_8BIT
                0x08011e9c       0xb8 ./Drivers/STM32G4xx_HAL_Driver/Src/stm32g4xx_hal_uart.o
 .text.UART_TxISR_16BIT
                0x08011f54       0xc2 ./Drivers/STM32G4xx_HAL_Driver/Src/stm32g4xx_hal_uart.o
 .text.UART_TxISR_8BIT_FIFOEN
                0x08012016       0xe0 ./Drivers/STM32G4xx_HAL_Driver/Src/stm32g4xx_hal_uart.o
 .text.UART_TxISR_16BIT_FIFOEN
                0x080120f6       0xea ./Drivers/STM32G4xx_HAL_Driver/Src/stm32g4xx_hal_uart.o
 .text.UART_EndTransmit_IT
                0x080121e0       0x56 ./Drivers/STM32G4xx_HAL_Driver/Src/stm32g4xx_hal_uart.o
 *fill*         0x08012236        0x2 
 .text.UART_RxISR_8BIT
                0x08012238      0x1b8 ./Drivers/STM32G4xx_HAL_Driver/Src/stm32g4xx_hal_uart.o
 .text.UART_RxISR_16BIT
                0x080123f0      0x1b8 ./Drivers/STM32G4xx_HAL_Driver/Src/stm32g4xx_hal_uart.o
 .text.UART_RxISR_8BIT_FIFOEN
                0x080125a8      0x364 ./Drivers/STM32G4xx_HAL_Driver/Src/stm32g4xx_hal_uart.o
 .text.UART_RxISR_16BIT_FIFOEN
                0x0801290c      0x36c ./Drivers/STM32G4xx_HAL_Driver/Src/stm32g4xx_hal_uart.o
 .text.HAL_UARTEx_WakeupCallback
                0x08012c78       0x14 ./Drivers/STM32G4xx_HAL_Driver/Src/stm32g4xx_hal_uart_ex.o
                0x08012c78                HAL_UARTEx_WakeupCallback
 .text.HAL_UARTEx_RxFifoFullCallback
                0x08012c8c       0x14 ./Drivers/STM32G4xx_HAL_Driver/Src/stm32g4xx_hal_uart_ex.o
                0x08012c8c                HAL_UARTEx_RxFifoFullCallback
 .text.HAL_UARTEx_TxFifoEmptyCallback
                0x08012ca0       0x14 ./Drivers/STM32G4xx_HAL_Driver/Src/stm32g4xx_hal_uart_ex.o
                0x08012ca0                HAL_UARTEx_TxFifoEmptyCallback
 .text.HAL_UARTEx_DisableFifoMode
                0x08012cb4       0x72 ./Drivers/STM32G4xx_HAL_Driver/Src/stm32g4xx_hal_uart_ex.o
                0x08012cb4                HAL_UARTEx_DisableFifoMode
 .text.HAL_UARTEx_SetTxFifoThreshold
                0x08012d26       0x7c ./Drivers/STM32G4xx_HAL_Driver/Src/stm32g4xx_hal_uart_ex.o
                0x08012d26                HAL_UARTEx_SetTxFifoThreshold
 .text.HAL_UARTEx_SetRxFifoThreshold
                0x08012da2       0x7c ./Drivers/STM32G4xx_HAL_Driver/Src/stm32g4xx_hal_uart_ex.o
                0x08012da2                HAL_UARTEx_SetRxFifoThreshold
 *fill*         0x08012e1e        0x2 
 .text.UARTEx_SetNbDataToProcess
                0x08012e20       0x9c ./Drivers/STM32G4xx_HAL_Driver/Src/stm32g4xx_hal_uart_ex.o
 .text.atof     0x08012ebc        0x6 C:/ST/STM32CubeIDE_1.19.0/STM32CubeIDE/plugins/com.st.stm32cube.ide.mcu.externaltools.gnu-tools-for-stm32.13.3.rel1.win32_1.0.0.202411081344/tools/bin/../lib/gcc/arm-none-eabi/13.3.1/../../../../arm-none-eabi/lib/thumb/v7e-m+fp/hard\libc_nano.a(libc_a-atof.o)
                0x08012ebc                atof
 .text.sulp     0x08012ec2       0x3c C:/ST/STM32CubeIDE_1.19.0/STM32CubeIDE/plugins/com.st.stm32cube.ide.mcu.externaltools.gnu-tools-for-stm32.13.3.rel1.win32_1.0.0.202411081344/tools/bin/../lib/gcc/arm-none-eabi/13.3.1/../../../../arm-none-eabi/lib/thumb/v7e-m+fp/hard\libc_nano.a(libc_a-strtod.o)
 *fill*         0x08012efe        0x2 
 .text._strtod_l
                0x08012f00      0xbc8 C:/ST/STM32CubeIDE_1.19.0/STM32CubeIDE/plugins/com.st.stm32cube.ide.mcu.externaltools.gnu-tools-for-stm32.13.3.rel1.win32_1.0.0.202411081344/tools/bin/../lib/gcc/arm-none-eabi/13.3.1/../../../../arm-none-eabi/lib/thumb/v7e-m+fp/hard\libc_nano.a(libc_a-strtod.o)
                0x08012f00                _strtod_l
 .text.strtod   0x08013ac8       0x18 C:/ST/STM32CubeIDE_1.19.0/STM32CubeIDE/plugins/com.st.stm32cube.ide.mcu.externaltools.gnu-tools-for-stm32.13.3.rel1.win32_1.0.0.202411081344/tools/bin/../lib/gcc/arm-none-eabi/13.3.1/../../../../arm-none-eabi/lib/thumb/v7e-m+fp/hard\libc_nano.a(libc_a-strtod.o)
                0x08013ac8                strtod
 .text.__cvt    0x08013ae0       0xca C:/ST/STM32CubeIDE_1.19.0/STM32CubeIDE/plugins/com.st.stm32cube.ide.mcu.externaltools.gnu-tools-for-stm32.13.3.rel1.win32_1.0.0.202411081344/tools/bin/../lib/gcc/arm-none-eabi/13.3.1/../../../../arm-none-eabi/lib/thumb/v7e-m+fp/hard\libc_nano.a(libc_a-nano-vfprintf_float.o)
                0x08013ae0                __cvt
 .text.__exponent
                0x08013baa       0x74 C:/ST/STM32CubeIDE_1.19.0/STM32CubeIDE/plugins/com.st.stm32cube.ide.mcu.externaltools.gnu-tools-for-stm32.13.3.rel1.win32_1.0.0.202411081344/tools/bin/../lib/gcc/arm-none-eabi/13.3.1/../../../../arm-none-eabi/lib/thumb/v7e-m+fp/hard\libc_nano.a(libc_a-nano-vfprintf_float.o)
                0x08013baa                __exponent
 *fill*         0x08013c1e        0x2 
 .text._printf_float
                0x08013c20      0x454 C:/ST/STM32CubeIDE_1.19.0/STM32CubeIDE/plugins/com.st.stm32cube.ide.mcu.externaltools.gnu-tools-for-stm32.13.3.rel1.win32_1.0.0.202411081344/tools/bin/../lib/gcc/arm-none-eabi/13.3.1/../../../../arm-none-eabi/lib/thumb/v7e-m+fp/hard\libc_nano.a(libc_a-nano-vfprintf_float.o)
                0x08013c20                _printf_float
 .text._printf_common
                0x08014074       0xda C:/ST/STM32CubeIDE_1.19.0/STM32CubeIDE/plugins/com.st.stm32cube.ide.mcu.externaltools.gnu-tools-for-stm32.13.3.rel1.win32_1.0.0.202411081344/tools/bin/../lib/gcc/arm-none-eabi/13.3.1/../../../../arm-none-eabi/lib/thumb/v7e-m+fp/hard\libc_nano.a(libc_a-nano-vfprintf_i.o)
                0x08014074                _printf_common
 *fill*         0x0801414e        0x2 
 .text._printf_i
                0x08014150      0x23c C:/ST/STM32CubeIDE_1.19.0/STM32CubeIDE/plugins/com.st.stm32cube.ide.mcu.externaltools.gnu-tools-for-stm32.13.3.rel1.win32_1.0.0.202411081344/tools/bin/../lib/gcc/arm-none-eabi/13.3.1/../../../../arm-none-eabi/lib/thumb/v7e-m+fp/hard\libc_nano.a(libc_a-nano-vfprintf_i.o)
                0x08014150                _printf_i
 .text.std      0x0801438c       0x6c C:/ST/STM32CubeIDE_1.19.0/STM32CubeIDE/plugins/com.st.stm32cube.ide.mcu.externaltools.gnu-tools-for-stm32.13.3.rel1.win32_1.0.0.202411081344/tools/bin/../lib/gcc/arm-none-eabi/13.3.1/../../../../arm-none-eabi/lib/thumb/v7e-m+fp/hard\libc_nano.a(libc_a-findfp.o)
 .text.stdio_exit_handler
                0x080143f8       0x18 C:/ST/STM32CubeIDE_1.19.0/STM32CubeIDE/plugins/com.st.stm32cube.ide.mcu.externaltools.gnu-tools-for-stm32.13.3.rel1.win32_1.0.0.202411081344/tools/bin/../lib/gcc/arm-none-eabi/13.3.1/../../../../arm-none-eabi/lib/thumb/v7e-m+fp/hard\libc_nano.a(libc_a-findfp.o)
 .text.cleanup_stdio
                0x08014410       0x40 C:/ST/STM32CubeIDE_1.19.0/STM32CubeIDE/plugins/com.st.stm32cube.ide.mcu.externaltools.gnu-tools-for-stm32.13.3.rel1.win32_1.0.0.202411081344/tools/bin/../lib/gcc/arm-none-eabi/13.3.1/../../../../arm-none-eabi/lib/thumb/v7e-m+fp/hard\libc_nano.a(libc_a-findfp.o)
 .text.global_stdio_init.part.0
                0x08014450       0x3c C:/ST/STM32CubeIDE_1.19.0/STM32CubeIDE/plugins/com.st.stm32cube.ide.mcu.externaltools.gnu-tools-for-stm32.13.3.rel1.win32_1.0.0.202411081344/tools/bin/../lib/gcc/arm-none-eabi/13.3.1/../../../../arm-none-eabi/lib/thumb/v7e-m+fp/hard\libc_nano.a(libc_a-findfp.o)
 .text.__sfp_lock_acquire
                0x0801448c        0xc C:/ST/STM32CubeIDE_1.19.0/STM32CubeIDE/plugins/com.st.stm32cube.ide.mcu.externaltools.gnu-tools-for-stm32.13.3.rel1.win32_1.0.0.202411081344/tools/bin/../lib/gcc/arm-none-eabi/13.3.1/../../../../arm-none-eabi/lib/thumb/v7e-m+fp/hard\libc_nano.a(libc_a-findfp.o)
                0x0801448c                __sfp_lock_acquire
 .text.__sfp_lock_release
                0x08014498        0xc C:/ST/STM32CubeIDE_1.19.0/STM32CubeIDE/plugins/com.st.stm32cube.ide.mcu.externaltools.gnu-tools-for-stm32.13.3.rel1.win32_1.0.0.202411081344/tools/bin/../lib/gcc/arm-none-eabi/13.3.1/../../../../arm-none-eabi/lib/thumb/v7e-m+fp/hard\libc_nano.a(libc_a-findfp.o)
                0x08014498                __sfp_lock_release
 .text.__sinit  0x080144a4       0x30 C:/ST/STM32CubeIDE_1.19.0/STM32CubeIDE/plugins/com.st.stm32cube.ide.mcu.externaltools.gnu-tools-for-stm32.13.3.rel1.win32_1.0.0.202411081344/tools/bin/../lib/gcc/arm-none-eabi/13.3.1/../../../../arm-none-eabi/lib/thumb/v7e-m+fp/hard\libc_nano.a(libc_a-findfp.o)
                0x080144a4                __sinit
 .text._fwalk_sglue
                0x080144d4       0x3c C:/ST/STM32CubeIDE_1.19.0/STM32CubeIDE/plugins/com.st.stm32cube.ide.mcu.externaltools.gnu-tools-for-stm32.13.3.rel1.win32_1.0.0.202411081344/tools/bin/../lib/gcc/arm-none-eabi/13.3.1/../../../../arm-none-eabi/lib/thumb/v7e-m+fp/hard\libc_nano.a(libc_a-fwalk.o)
                0x080144d4                _fwalk_sglue
 .text.printf   0x08014510       0x24 C:/ST/STM32CubeIDE_1.19.0/STM32CubeIDE/plugins/com.st.stm32cube.ide.mcu.externaltools.gnu-tools-for-stm32.13.3.rel1.win32_1.0.0.202411081344/tools/bin/../lib/gcc/arm-none-eabi/13.3.1/../../../../arm-none-eabi/lib/thumb/v7e-m+fp/hard\libc_nano.a(libc_a-printf.o)
                0x08014510                iprintf
                0x08014510                printf
 .text._puts_r  0x08014534       0xaa C:/ST/STM32CubeIDE_1.19.0/STM32CubeIDE/plugins/com.st.stm32cube.ide.mcu.externaltools.gnu-tools-for-stm32.13.3.rel1.win32_1.0.0.202411081344/tools/bin/../lib/gcc/arm-none-eabi/13.3.1/../../../../arm-none-eabi/lib/thumb/v7e-m+fp/hard\libc_nano.a(libc_a-puts.o)
                0x08014534                _puts_r
 *fill*         0x080145de        0x2 
 .text.puts     0x080145e0       0x10 C:/ST/STM32CubeIDE_1.19.0/STM32CubeIDE/plugins/com.st.stm32cube.ide.mcu.externaltools.gnu-tools-for-stm32.13.3.rel1.win32_1.0.0.202411081344/tools/bin/../lib/gcc/arm-none-eabi/13.3.1/../../../../arm-none-eabi/lib/thumb/v7e-m+fp/hard\libc_nano.a(libc_a-puts.o)
                0x080145e0                puts
 .text.snprintf
                0x080145f0       0x6c C:/ST/STM32CubeIDE_1.19.0/STM32CubeIDE/plugins/com.st.stm32cube.ide.mcu.externaltools.gnu-tools-for-stm32.13.3.rel1.win32_1.0.0.202411081344/tools/bin/../lib/gcc/arm-none-eabi/13.3.1/../../../../arm-none-eabi/lib/thumb/v7e-m+fp/hard\libc_nano.a(libc_a-snprintf.o)
                0x080145f0                sniprintf
                0x080145f0                snprintf
 .text.__sread  0x0801465c       0x22 C:/ST/STM32CubeIDE_1.19.0/STM32CubeIDE/plugins/com.st.stm32cube.ide.mcu.externaltools.gnu-tools-for-stm32.13.3.rel1.win32_1.0.0.202411081344/tools/bin/../lib/gcc/arm-none-eabi/13.3.1/../../../../arm-none-eabi/lib/thumb/v7e-m+fp/hard\libc_nano.a(libc_a-stdio.o)
                0x0801465c                __sread
 .text.__swrite
                0x0801467e       0x38 C:/ST/STM32CubeIDE_1.19.0/STM32CubeIDE/plugins/com.st.stm32cube.ide.mcu.externaltools.gnu-tools-for-stm32.13.3.rel1.win32_1.0.0.202411081344/tools/bin/../lib/gcc/arm-none-eabi/13.3.1/../../../../arm-none-eabi/lib/thumb/v7e-m+fp/hard\libc_nano.a(libc_a-stdio.o)
                0x0801467e                __swrite
 .text.__sseek  0x080146b6       0x24 C:/ST/STM32CubeIDE_1.19.0/STM32CubeIDE/plugins/com.st.stm32cube.ide.mcu.externaltools.gnu-tools-for-stm32.13.3.rel1.win32_1.0.0.202411081344/tools/bin/../lib/gcc/arm-none-eabi/13.3.1/../../../../arm-none-eabi/lib/thumb/v7e-m+fp/hard\libc_nano.a(libc_a-stdio.o)
                0x080146b6                __sseek
 .text.__sclose
                0x080146da        0x8 C:/ST/STM32CubeIDE_1.19.0/STM32CubeIDE/plugins/com.st.stm32cube.ide.mcu.externaltools.gnu-tools-for-stm32.13.3.rel1.win32_1.0.0.202411081344/tools/bin/../lib/gcc/arm-none-eabi/13.3.1/../../../../arm-none-eabi/lib/thumb/v7e-m+fp/hard\libc_nano.a(libc_a-stdio.o)
                0x080146da                __sclose
 .text.__swbuf_r
                0x080146e2       0x7c C:/ST/STM32CubeIDE_1.19.0/STM32CubeIDE/plugins/com.st.stm32cube.ide.mcu.externaltools.gnu-tools-for-stm32.13.3.rel1.win32_1.0.0.202411081344/tools/bin/../lib/gcc/arm-none-eabi/13.3.1/../../../../arm-none-eabi/lib/thumb/v7e-m+fp/hard\libc_nano.a(libc_a-wbuf.o)
                0x080146e2                __swbuf_r
 *fill*         0x0801475e        0x2 
 .text.__swsetup_r
                0x08014760       0xac C:/ST/STM32CubeIDE_1.19.0/STM32CubeIDE/plugins/com.st.stm32cube.ide.mcu.externaltools.gnu-tools-for-stm32.13.3.rel1.win32_1.0.0.202411081344/tools/bin/../lib/gcc/arm-none-eabi/13.3.1/../../../../arm-none-eabi/lib/thumb/v7e-m+fp/hard\libc_nano.a(libc_a-wsetup.o)
                0x08014760                __swsetup_r
 .text.memset   0x0801480c       0x10 C:/ST/STM32CubeIDE_1.19.0/STM32CubeIDE/plugins/com.st.stm32cube.ide.mcu.externaltools.gnu-tools-for-stm32.13.3.rel1.win32_1.0.0.202411081344/tools/bin/../lib/gcc/arm-none-eabi/13.3.1/../../../../arm-none-eabi/lib/thumb/v7e-m+fp/hard\libc_nano.a(libc_a-memset.o)
                0x0801480c                memset
 .text.strchr   0x0801481c       0x1a C:/ST/STM32CubeIDE_1.19.0/STM32CubeIDE/plugins/com.st.stm32cube.ide.mcu.externaltools.gnu-tools-for-stm32.13.3.rel1.win32_1.0.0.202411081344/tools/bin/../lib/gcc/arm-none-eabi/13.3.1/../../../../arm-none-eabi/lib/thumb/v7e-m+fp/hard\libc_nano.a(libc_a-strchr.o)
                0x0801481c                strchr
 .text.strncmp  0x08014836       0x24 C:/ST/STM32CubeIDE_1.19.0/STM32CubeIDE/plugins/com.st.stm32cube.ide.mcu.externaltools.gnu-tools-for-stm32.13.3.rel1.win32_1.0.0.202411081344/tools/bin/../lib/gcc/arm-none-eabi/13.3.1/../../../../arm-none-eabi/lib/thumb/v7e-m+fp/hard\libc_nano.a(libc_a-strncmp.o)
                0x08014836                strncmp
 *fill*         0x0801485a        0x2 
 .text.strtok   0x0801485c       0x68 C:/ST/STM32CubeIDE_1.19.0/STM32CubeIDE/plugins/com.st.stm32cube.ide.mcu.externaltools.gnu-tools-for-stm32.13.3.rel1.win32_1.0.0.202411081344/tools/bin/../lib/gcc/arm-none-eabi/13.3.1/../../../../arm-none-eabi/lib/thumb/v7e-m+fp/hard\libc_nano.a(libc_a-strtok.o)
                0x0801485c                strtok
 .text.__strtok_r
                0x080148c4       0x50 C:/ST/STM32CubeIDE_1.19.0/STM32CubeIDE/plugins/com.st.stm32cube.ide.mcu.externaltools.gnu-tools-for-stm32.13.3.rel1.win32_1.0.0.202411081344/tools/bin/../lib/gcc/arm-none-eabi/13.3.1/../../../../arm-none-eabi/lib/thumb/v7e-m+fp/hard\libc_nano.a(libc_a-strtok_r.o)
                0x080148c4                __strtok_r
 .text._localeconv_r
                0x08014914        0x8 C:/ST/STM32CubeIDE_1.19.0/STM32CubeIDE/plugins/com.st.stm32cube.ide.mcu.externaltools.gnu-tools-for-stm32.13.3.rel1.win32_1.0.0.202411081344/tools/bin/../lib/gcc/arm-none-eabi/13.3.1/../../../../arm-none-eabi/lib/thumb/v7e-m+fp/hard\libc_nano.a(libc_a-localeconv.o)
                0x08014914                _localeconv_r
 .text._close_r
                0x0801491c       0x20 C:/ST/STM32CubeIDE_1.19.0/STM32CubeIDE/plugins/com.st.stm32cube.ide.mcu.externaltools.gnu-tools-for-stm32.13.3.rel1.win32_1.0.0.202411081344/tools/bin/../lib/gcc/arm-none-eabi/13.3.1/../../../../arm-none-eabi/lib/thumb/v7e-m+fp/hard\libc_nano.a(libc_a-closer.o)
                0x0801491c                _close_r
 .text._lseek_r
                0x0801493c       0x24 C:/ST/STM32CubeIDE_1.19.0/STM32CubeIDE/plugins/com.st.stm32cube.ide.mcu.externaltools.gnu-tools-for-stm32.13.3.rel1.win32_1.0.0.202411081344/tools/bin/../lib/gcc/arm-none-eabi/13.3.1/../../../../arm-none-eabi/lib/thumb/v7e-m+fp/hard\libc_nano.a(libc_a-lseekr.o)
                0x0801493c                _lseek_r
 .text._read_r  0x08014960       0x24 C:/ST/STM32CubeIDE_1.19.0/STM32CubeIDE/plugins/com.st.stm32cube.ide.mcu.externaltools.gnu-tools-for-stm32.13.3.rel1.win32_1.0.0.202411081344/tools/bin/../lib/gcc/arm-none-eabi/13.3.1/../../../../arm-none-eabi/lib/thumb/v7e-m+fp/hard\libc_nano.a(libc_a-readr.o)
                0x08014960                _read_r
 .text._write_r
                0x08014984       0x24 C:/ST/STM32CubeIDE_1.19.0/STM32CubeIDE/plugins/com.st.stm32cube.ide.mcu.externaltools.gnu-tools-for-stm32.13.3.rel1.win32_1.0.0.202411081344/tools/bin/../lib/gcc/arm-none-eabi/13.3.1/../../../../arm-none-eabi/lib/thumb/v7e-m+fp/hard\libc_nano.a(libc_a-writer.o)
                0x08014984                _write_r
 .text.__errno  0x080149a8        0xc C:/ST/STM32CubeIDE_1.19.0/STM32CubeIDE/plugins/com.st.stm32cube.ide.mcu.externaltools.gnu-tools-for-stm32.13.3.rel1.win32_1.0.0.202411081344/tools/bin/../lib/gcc/arm-none-eabi/13.3.1/../../../../arm-none-eabi/lib/thumb/v7e-m+fp/hard\libc_nano.a(libc_a-errno.o)
                0x080149a8                __errno
 .text.__libc_init_array
                0x080149b4       0x48 C:/ST/STM32CubeIDE_1.19.0/STM32CubeIDE/plugins/com.st.stm32cube.ide.mcu.externaltools.gnu-tools-for-stm32.13.3.rel1.win32_1.0.0.202411081344/tools/bin/../lib/gcc/arm-none-eabi/13.3.1/../../../../arm-none-eabi/lib/thumb/v7e-m+fp/hard\libc_nano.a(libc_a-init.o)
                0x080149b4                __libc_init_array
 .text.__retarget_lock_init_recursive
                0x080149fc        0x2 C:/ST/STM32CubeIDE_1.19.0/STM32CubeIDE/plugins/com.st.stm32cube.ide.mcu.externaltools.gnu-tools-for-stm32.13.3.rel1.win32_1.0.0.202411081344/tools/bin/../lib/gcc/arm-none-eabi/13.3.1/../../../../arm-none-eabi/lib/thumb/v7e-m+fp/hard\libc_nano.a(libc_a-lock.o)
                0x080149fc                __retarget_lock_init_recursive
 .text.__retarget_lock_acquire_recursive
                0x080149fe        0x2 C:/ST/STM32CubeIDE_1.19.0/STM32CubeIDE/plugins/com.st.stm32cube.ide.mcu.externaltools.gnu-tools-for-stm32.13.3.rel1.win32_1.0.0.202411081344/tools/bin/../lib/gcc/arm-none-eabi/13.3.1/../../../../arm-none-eabi/lib/thumb/v7e-m+fp/hard\libc_nano.a(libc_a-lock.o)
                0x080149fe                __retarget_lock_acquire_recursive
 .text.__retarget_lock_release_recursive
                0x08014a00        0x2 C:/ST/STM32CubeIDE_1.19.0/STM32CubeIDE/plugins/com.st.stm32cube.ide.mcu.externaltools.gnu-tools-for-stm32.13.3.rel1.win32_1.0.0.202411081344/tools/bin/../lib/gcc/arm-none-eabi/13.3.1/../../../../arm-none-eabi/lib/thumb/v7e-m+fp/hard\libc_nano.a(libc_a-lock.o)
                0x08014a00                __retarget_lock_release_recursive
 .text.memcpy   0x08014a02       0x1c C:/ST/STM32CubeIDE_1.19.0/STM32CubeIDE/plugins/com.st.stm32cube.ide.mcu.externaltools.gnu-tools-for-stm32.13.3.rel1.win32_1.0.0.202411081344/tools/bin/../lib/gcc/arm-none-eabi/13.3.1/../../../../arm-none-eabi/lib/thumb/v7e-m+fp/hard\libc_nano.a(libc_a-memcpy-stub.o)
                0x08014a02                memcpy
 *fill*         0x08014a1e        0x2 
 .text.nan      0x08014a20       0x10 C:/ST/STM32CubeIDE_1.19.0/STM32CubeIDE/plugins/com.st.stm32cube.ide.mcu.externaltools.gnu-tools-for-stm32.13.3.rel1.win32_1.0.0.202411081344/tools/bin/../lib/gcc/arm-none-eabi/13.3.1/../../../../arm-none-eabi/lib/thumb/v7e-m+fp/hard\libc_nano.a(libm_a-s_nan.o)
                0x08014a20                nan
 .text.__assert_func
                0x08014a30       0x3c C:/ST/STM32CubeIDE_1.19.0/STM32CubeIDE/plugins/com.st.stm32cube.ide.mcu.externaltools.gnu-tools-for-stm32.13.3.rel1.win32_1.0.0.202411081344/tools/bin/../lib/gcc/arm-none-eabi/13.3.1/../../../../arm-none-eabi/lib/thumb/v7e-m+fp/hard\libc_nano.a(libc_a-assert.o)
                0x08014a30                __assert_func
 .text.quorem   0x08014a6c      0x110 C:/ST/STM32CubeIDE_1.19.0/STM32CubeIDE/plugins/com.st.stm32cube.ide.mcu.externaltools.gnu-tools-for-stm32.13.3.rel1.win32_1.0.0.202411081344/tools/bin/../lib/gcc/arm-none-eabi/13.3.1/../../../../arm-none-eabi/lib/thumb/v7e-m+fp/hard\libc_nano.a(libc_a-dtoa.o)
 *fill*         0x08014b7c        0x4 
 .text._dtoa_r  0x08014b80      0xba0 C:/ST/STM32CubeIDE_1.19.0/STM32CubeIDE/plugins/com.st.stm32cube.ide.mcu.externaltools.gnu-tools-for-stm32.13.3.rel1.win32_1.0.0.202411081344/tools/bin/../lib/gcc/arm-none-eabi/13.3.1/../../../../arm-none-eabi/lib/thumb/v7e-m+fp/hard\libc_nano.a(libc_a-dtoa.o)
                0x08014b80                _dtoa_r
 .text._free_r  0x08015720       0x94 C:/ST/STM32CubeIDE_1.19.0/STM32CubeIDE/plugins/com.st.stm32cube.ide.mcu.externaltools.gnu-tools-for-stm32.13.3.rel1.win32_1.0.0.202411081344/tools/bin/../lib/gcc/arm-none-eabi/13.3.1/../../../../arm-none-eabi/lib/thumb/v7e-m+fp/hard\libc_nano.a(libc_a-freer.o)
                0x08015720                _free_r
 .text.rshift   0x080157b4       0xa4 C:/ST/STM32CubeIDE_1.19.0/STM32CubeIDE/plugins/com.st.stm32cube.ide.mcu.externaltools.gnu-tools-for-stm32.13.3.rel1.win32_1.0.0.202411081344/tools/bin/../lib/gcc/arm-none-eabi/13.3.1/../../../../arm-none-eabi/lib/thumb/v7e-m+fp/hard\libc_nano.a(libc_a-gdtoa-gethex.o)
 .text.__hexdig_fun
                0x08015858       0x2a C:/ST/STM32CubeIDE_1.19.0/STM32CubeIDE/plugins/com.st.stm32cube.ide.mcu.externaltools.gnu-tools-for-stm32.13.3.rel1.win32_1.0.0.202411081344/tools/bin/../lib/gcc/arm-none-eabi/13.3.1/../../../../arm-none-eabi/lib/thumb/v7e-m+fp/hard\libc_nano.a(libc_a-gdtoa-gethex.o)
                0x08015858                __hexdig_fun
 *fill*         0x08015882        0x2 
 .text.__gethex
                0x08015884      0x420 C:/ST/STM32CubeIDE_1.19.0/STM32CubeIDE/plugins/com.st.stm32cube.ide.mcu.externaltools.gnu-tools-for-stm32.13.3.rel1.win32_1.0.0.202411081344/tools/bin/../lib/gcc/arm-none-eabi/13.3.1/../../../../arm-none-eabi/lib/thumb/v7e-m+fp/hard\libc_nano.a(libc_a-gdtoa-gethex.o)
                0x08015884                __gethex
 .text.L_shift  0x08015ca4       0x24 C:/ST/STM32CubeIDE_1.19.0/STM32CubeIDE/plugins/com.st.stm32cube.ide.mcu.externaltools.gnu-tools-for-stm32.13.3.rel1.win32_1.0.0.202411081344/tools/bin/../lib/gcc/arm-none-eabi/13.3.1/../../../../arm-none-eabi/lib/thumb/v7e-m+fp/hard\libc_nano.a(libc_a-gdtoa-hexnan.o)
 .text.__match  0x08015cc8       0x28 C:/ST/STM32CubeIDE_1.19.0/STM32CubeIDE/plugins/com.st.stm32cube.ide.mcu.externaltools.gnu-tools-for-stm32.13.3.rel1.win32_1.0.0.202411081344/tools/bin/../lib/gcc/arm-none-eabi/13.3.1/../../../../arm-none-eabi/lib/thumb/v7e-m+fp/hard\libc_nano.a(libc_a-gdtoa-hexnan.o)
                0x08015cc8                __match
 .text.__hexnan
                0x08015cf0      0x136 C:/ST/STM32CubeIDE_1.19.0/STM32CubeIDE/plugins/com.st.stm32cube.ide.mcu.externaltools.gnu-tools-for-stm32.13.3.rel1.win32_1.0.0.202411081344/tools/bin/../lib/gcc/arm-none-eabi/13.3.1/../../../../arm-none-eabi/lib/thumb/v7e-m+fp/hard\libc_nano.a(libc_a-gdtoa-hexnan.o)
                0x08015cf0                __hexnan
 *fill*         0x08015e26        0x2 
 .text.malloc   0x08015e28       0x10 C:/ST/STM32CubeIDE_1.19.0/STM32CubeIDE/plugins/com.st.stm32cube.ide.mcu.externaltools.gnu-tools-for-stm32.13.3.rel1.win32_1.0.0.202411081344/tools/bin/../lib/gcc/arm-none-eabi/13.3.1/../../../../arm-none-eabi/lib/thumb/v7e-m+fp/hard\libc_nano.a(libc_a-malloc.o)
                0x08015e28                malloc
 .text.sbrk_aligned
                0x08015e38       0x44 C:/ST/STM32CubeIDE_1.19.0/STM32CubeIDE/plugins/com.st.stm32cube.ide.mcu.externaltools.gnu-tools-for-stm32.13.3.rel1.win32_1.0.0.202411081344/tools/bin/../lib/gcc/arm-none-eabi/13.3.1/../../../../arm-none-eabi/lib/thumb/v7e-m+fp/hard\libc_nano.a(libc_a-mallocr.o)
 .text._malloc_r
                0x08015e7c      0x100 C:/ST/STM32CubeIDE_1.19.0/STM32CubeIDE/plugins/com.st.stm32cube.ide.mcu.externaltools.gnu-tools-for-stm32.13.3.rel1.win32_1.0.0.202411081344/tools/bin/../lib/gcc/arm-none-eabi/13.3.1/../../../../arm-none-eabi/lib/thumb/v7e-m+fp/hard\libc_nano.a(libc_a-mallocr.o)
                0x08015e7c                _malloc_r
 .text.__ascii_mbtowc
                0x08015f7c       0x24 C:/ST/STM32CubeIDE_1.19.0/STM32CubeIDE/plugins/com.st.stm32cube.ide.mcu.externaltools.gnu-tools-for-stm32.13.3.rel1.win32_1.0.0.202411081344/tools/bin/../lib/gcc/arm-none-eabi/13.3.1/../../../../arm-none-eabi/lib/thumb/v7e-m+fp/hard\libc_nano.a(libc_a-mbtowc_r.o)
                0x08015f7c                __ascii_mbtowc
 .text.__malloc_lock
                0x08015fa0        0xc C:/ST/STM32CubeIDE_1.19.0/STM32CubeIDE/plugins/com.st.stm32cube.ide.mcu.externaltools.gnu-tools-for-stm32.13.3.rel1.win32_1.0.0.202411081344/tools/bin/../lib/gcc/arm-none-eabi/13.3.1/../../../../arm-none-eabi/lib/thumb/v7e-m+fp/hard\libc_nano.a(libc_a-mlock.o)
                0x08015fa0                __malloc_lock
 .text.__malloc_unlock
                0x08015fac        0xc C:/ST/STM32CubeIDE_1.19.0/STM32CubeIDE/plugins/com.st.stm32cube.ide.mcu.externaltools.gnu-tools-for-stm32.13.3.rel1.win32_1.0.0.202411081344/tools/bin/../lib/gcc/arm-none-eabi/13.3.1/../../../../arm-none-eabi/lib/thumb/v7e-m+fp/hard\libc_nano.a(libc_a-mlock.o)
                0x08015fac                __malloc_unlock
 .text._Balloc  0x08015fb8       0x80 C:/ST/STM32CubeIDE_1.19.0/STM32CubeIDE/plugins/com.st.stm32cube.ide.mcu.externaltools.gnu-tools-for-stm32.13.3.rel1.win32_1.0.0.202411081344/tools/bin/../lib/gcc/arm-none-eabi/13.3.1/../../../../arm-none-eabi/lib/thumb/v7e-m+fp/hard\libc_nano.a(libc_a-mprec.o)
                0x08015fb8                _Balloc
 .text._Bfree   0x08016038       0x44 C:/ST/STM32CubeIDE_1.19.0/STM32CubeIDE/plugins/com.st.stm32cube.ide.mcu.externaltools.gnu-tools-for-stm32.13.3.rel1.win32_1.0.0.202411081344/tools/bin/../lib/gcc/arm-none-eabi/13.3.1/../../../../arm-none-eabi/lib/thumb/v7e-m+fp/hard\libc_nano.a(libc_a-mprec.o)
                0x08016038                _Bfree
 .text.__multadd
                0x0801607c       0x8c C:/ST/STM32CubeIDE_1.19.0/STM32CubeIDE/plugins/com.st.stm32cube.ide.mcu.externaltools.gnu-tools-for-stm32.13.3.rel1.win32_1.0.0.202411081344/tools/bin/../lib/gcc/arm-none-eabi/13.3.1/../../../../arm-none-eabi/lib/thumb/v7e-m+fp/hard\libc_nano.a(libc_a-mprec.o)
                0x0801607c                __multadd
 .text.__s2b    0x08016108       0x94 C:/ST/STM32CubeIDE_1.19.0/STM32CubeIDE/plugins/com.st.stm32cube.ide.mcu.externaltools.gnu-tools-for-stm32.13.3.rel1.win32_1.0.0.202411081344/tools/bin/../lib/gcc/arm-none-eabi/13.3.1/../../../../arm-none-eabi/lib/thumb/v7e-m+fp/hard\libc_nano.a(libc_a-mprec.o)
                0x08016108                __s2b
 .text.__hi0bits
                0x0801619c       0x3e C:/ST/STM32CubeIDE_1.19.0/STM32CubeIDE/plugins/com.st.stm32cube.ide.mcu.externaltools.gnu-tools-for-stm32.13.3.rel1.win32_1.0.0.202411081344/tools/bin/../lib/gcc/arm-none-eabi/13.3.1/../../../../arm-none-eabi/lib/thumb/v7e-m+fp/hard\libc_nano.a(libc_a-mprec.o)
                0x0801619c                __hi0bits
 .text.__lo0bits
                0x080161da       0x5a C:/ST/STM32CubeIDE_1.19.0/STM32CubeIDE/plugins/com.st.stm32cube.ide.mcu.externaltools.gnu-tools-for-stm32.13.3.rel1.win32_1.0.0.202411081344/tools/bin/../lib/gcc/arm-none-eabi/13.3.1/../../../../arm-none-eabi/lib/thumb/v7e-m+fp/hard\libc_nano.a(libc_a-mprec.o)
                0x080161da                __lo0bits
 .text.__i2b    0x08016234       0x2c C:/ST/STM32CubeIDE_1.19.0/STM32CubeIDE/plugins/com.st.stm32cube.ide.mcu.externaltools.gnu-tools-for-stm32.13.3.rel1.win32_1.0.0.202411081344/tools/bin/../lib/gcc/arm-none-eabi/13.3.1/../../../../arm-none-eabi/lib/thumb/v7e-m+fp/hard\libc_nano.a(libc_a-mprec.o)
                0x08016234                __i2b
 .text.__multiply
                0x08016260      0x144 C:/ST/STM32CubeIDE_1.19.0/STM32CubeIDE/plugins/com.st.stm32cube.ide.mcu.externaltools.gnu-tools-for-stm32.13.3.rel1.win32_1.0.0.202411081344/tools/bin/../lib/gcc/arm-none-eabi/13.3.1/../../../../arm-none-eabi/lib/thumb/v7e-m+fp/hard\libc_nano.a(libc_a-mprec.o)
                0x08016260                __multiply
 .text.__pow5mult
                0x080163a4       0xb4 C:/ST/STM32CubeIDE_1.19.0/STM32CubeIDE/plugins/com.st.stm32cube.ide.mcu.externaltools.gnu-tools-for-stm32.13.3.rel1.win32_1.0.0.202411081344/tools/bin/../lib/gcc/arm-none-eabi/13.3.1/../../../../arm-none-eabi/lib/thumb/v7e-m+fp/hard\libc_nano.a(libc_a-mprec.o)
                0x080163a4                __pow5mult
 .text.__lshift
                0x08016458       0xd8 C:/ST/STM32CubeIDE_1.19.0/STM32CubeIDE/plugins/com.st.stm32cube.ide.mcu.externaltools.gnu-tools-for-stm32.13.3.rel1.win32_1.0.0.202411081344/tools/bin/../lib/gcc/arm-none-eabi/13.3.1/../../../../arm-none-eabi/lib/thumb/v7e-m+fp/hard\libc_nano.a(libc_a-mprec.o)
                0x08016458                __lshift
 .text.__mcmp   0x08016530       0x36 C:/ST/STM32CubeIDE_1.19.0/STM32CubeIDE/plugins/com.st.stm32cube.ide.mcu.externaltools.gnu-tools-for-stm32.13.3.rel1.win32_1.0.0.202411081344/tools/bin/../lib/gcc/arm-none-eabi/13.3.1/../../../../arm-none-eabi/lib/thumb/v7e-m+fp/hard\libc_nano.a(libc_a-mprec.o)
                0x08016530                __mcmp
 *fill*         0x08016566        0x2 
 .text.__mdiff  0x08016568      0x128 C:/ST/STM32CubeIDE_1.19.0/STM32CubeIDE/plugins/com.st.stm32cube.ide.mcu.externaltools.gnu-tools-for-stm32.13.3.rel1.win32_1.0.0.202411081344/tools/bin/../lib/gcc/arm-none-eabi/13.3.1/../../../../arm-none-eabi/lib/thumb/v7e-m+fp/hard\libc_nano.a(libc_a-mprec.o)
                0x08016568                __mdiff
 .text.__ulp    0x08016690       0x4c C:/ST/STM32CubeIDE_1.19.0/STM32CubeIDE/plugins/com.st.stm32cube.ide.mcu.externaltools.gnu-tools-for-stm32.13.3.rel1.win32_1.0.0.202411081344/tools/bin/../lib/gcc/arm-none-eabi/13.3.1/../../../../arm-none-eabi/lib/thumb/v7e-m+fp/hard\libc_nano.a(libc_a-mprec.o)
                0x08016690                __ulp
 .text.__b2d    0x080166dc       0x94 C:/ST/STM32CubeIDE_1.19.0/STM32CubeIDE/plugins/com.st.stm32cube.ide.mcu.externaltools.gnu-tools-for-stm32.13.3.rel1.win32_1.0.0.202411081344/tools/bin/../lib/gcc/arm-none-eabi/13.3.1/../../../../arm-none-eabi/lib/thumb/v7e-m+fp/hard\libc_nano.a(libc_a-mprec.o)
                0x080166dc                __b2d
 .text.__d2b    0x08016770       0xb0 C:/ST/STM32CubeIDE_1.19.0/STM32CubeIDE/plugins/com.st.stm32cube.ide.mcu.externaltools.gnu-tools-for-stm32.13.3.rel1.win32_1.0.0.202411081344/tools/bin/../lib/gcc/arm-none-eabi/13.3.1/../../../../arm-none-eabi/lib/thumb/v7e-m+fp/hard\libc_nano.a(libc_a-mprec.o)
                0x08016770                __d2b
 .text.__ratio  0x08016820       0x64 C:/ST/STM32CubeIDE_1.19.0/STM32CubeIDE/plugins/com.st.stm32cube.ide.mcu.externaltools.gnu-tools-for-stm32.13.3.rel1.win32_1.0.0.202411081344/tools/bin/../lib/gcc/arm-none-eabi/13.3.1/../../../../arm-none-eabi/lib/thumb/v7e-m+fp/hard\libc_nano.a(libc_a-mprec.o)
                0x08016820                __ratio
 .text.__copybits
                0x08016884       0x46 C:/ST/STM32CubeIDE_1.19.0/STM32CubeIDE/plugins/com.st.stm32cube.ide.mcu.externaltools.gnu-tools-for-stm32.13.3.rel1.win32_1.0.0.202411081344/tools/bin/../lib/gcc/arm-none-eabi/13.3.1/../../../../arm-none-eabi/lib/thumb/v7e-m+fp/hard\libc_nano.a(libc_a-mprec.o)
                0x08016884                __copybits
 .text.__any_on
                0x080168ca       0x42 C:/ST/STM32CubeIDE_1.19.0/STM32CubeIDE/plugins/com.st.stm32cube.ide.mcu.externaltools.gnu-tools-for-stm32.13.3.rel1.win32_1.0.0.202411081344/tools/bin/../lib/gcc/arm-none-eabi/13.3.1/../../../../arm-none-eabi/lib/thumb/v7e-m+fp/hard\libc_nano.a(libc_a-mprec.o)
                0x080168ca                __any_on
 .text.__ascii_wctomb
                0x0801690c       0x1a C:/ST/STM32CubeIDE_1.19.0/STM32CubeIDE/plugins/com.st.stm32cube.ide.mcu.externaltools.gnu-tools-for-stm32.13.3.rel1.win32_1.0.0.202411081344/tools/bin/../lib/gcc/arm-none-eabi/13.3.1/../../../../arm-none-eabi/lib/thumb/v7e-m+fp/hard\libc_nano.a(libc_a-wctomb_r.o)
                0x0801690c                __ascii_wctomb
 .text.__ssputs_r
                0x08016926       0xb6 C:/ST/STM32CubeIDE_1.19.0/STM32CubeIDE/plugins/com.st.stm32cube.ide.mcu.externaltools.gnu-tools-for-stm32.13.3.rel1.win32_1.0.0.202411081344/tools/bin/../lib/gcc/arm-none-eabi/13.3.1/../../../../arm-none-eabi/lib/thumb/v7e-m+fp/hard\libc_nano.a(libc_a-nano-svfprintf.o)
                0x08016926                __ssputs_r
 .text._svfprintf_r
                0x080169dc      0x1f8 C:/ST/STM32CubeIDE_1.19.0/STM32CubeIDE/plugins/com.st.stm32cube.ide.mcu.externaltools.gnu-tools-for-stm32.13.3.rel1.win32_1.0.0.202411081344/tools/bin/../lib/gcc/arm-none-eabi/13.3.1/../../../../arm-none-eabi/lib/thumb/v7e-m+fp/hard\libc_nano.a(libc_a-nano-svfprintf.o)
                0x080169dc                _svfiprintf_r
                0x080169dc                _svfprintf_r
 .text.__sfputc_r
                0x08016bd4       0x2e C:/ST/STM32CubeIDE_1.19.0/STM32CubeIDE/plugins/com.st.stm32cube.ide.mcu.externaltools.gnu-tools-for-stm32.13.3.rel1.win32_1.0.0.202411081344/tools/bin/../lib/gcc/arm-none-eabi/13.3.1/../../../../arm-none-eabi/lib/thumb/v7e-m+fp/hard\libc_nano.a(libc_a-nano-vfprintf.o)
 .text.__sfputs_r
                0x08016c02       0x24 C:/ST/STM32CubeIDE_1.19.0/STM32CubeIDE/plugins/com.st.stm32cube.ide.mcu.externaltools.gnu-tools-for-stm32.13.3.rel1.win32_1.0.0.202411081344/tools/bin/../lib/gcc/arm-none-eabi/13.3.1/../../../../arm-none-eabi/lib/thumb/v7e-m+fp/hard\libc_nano.a(libc_a-nano-vfprintf.o)
                0x08016c02                __sfputs_r
 *fill*         0x08016c26        0x2 
 .text._vfprintf_r
                0x08016c28      0x230 C:/ST/STM32CubeIDE_1.19.0/STM32CubeIDE/plugins/com.st.stm32cube.ide.mcu.externaltools.gnu-tools-for-stm32.13.3.rel1.win32_1.0.0.202411081344/tools/bin/../lib/gcc/arm-none-eabi/13.3.1/../../../../arm-none-eabi/lib/thumb/v7e-m+fp/hard\libc_nano.a(libc_a-nano-vfprintf.o)
                0x08016c28                _vfprintf_r
                0x08016c28                _vfiprintf_r
 .text.__sflush_r
                0x08016e58      0x108 C:/ST/STM32CubeIDE_1.19.0/STM32CubeIDE/plugins/com.st.stm32cube.ide.mcu.externaltools.gnu-tools-for-stm32.13.3.rel1.win32_1.0.0.202411081344/tools/bin/../lib/gcc/arm-none-eabi/13.3.1/../../../../arm-none-eabi/lib/thumb/v7e-m+fp/hard\libc_nano.a(libc_a-fflush.o)
                0x08016e58                __sflush_r
 .text._fflush_r
                0x08016f60       0x50 C:/ST/STM32CubeIDE_1.19.0/STM32CubeIDE/plugins/com.st.stm32cube.ide.mcu.externaltools.gnu-tools-for-stm32.13.3.rel1.win32_1.0.0.202411081344/tools/bin/../lib/gcc/arm-none-eabi/13.3.1/../../../../arm-none-eabi/lib/thumb/v7e-m+fp/hard\libc_nano.a(libc_a-fflush.o)
                0x08016f60                _fflush_r
 .text.fprintf  0x08016fb0       0x24 C:/ST/STM32CubeIDE_1.19.0/STM32CubeIDE/plugins/com.st.stm32cube.ide.mcu.externaltools.gnu-tools-for-stm32.13.3.rel1.win32_1.0.0.202411081344/tools/bin/../lib/gcc/arm-none-eabi/13.3.1/../../../../arm-none-eabi/lib/thumb/v7e-m+fp/hard\libc_nano.a(libc_a-fprintf.o)
                0x08016fb0                fiprintf
                0x08016fb0                fprintf