../Core/Src/kalman.c:86:20:state_deriv	24	static
../Core/Src/kalman.c:94:20:cov_deriv	96	static
../Core/Src/kalman.c:118:13:rk4_state	120	static
../Core/Src/kalman.c:132:13:rk4_cov	368	static
../Core/Src/kalman.c:153:6:Kalman_Init	16	static
../Core/Src/kalman.c:176:6:Kalman_Reset	24	static
../Core/Src/kalman.c:190:6:Kalman_Tick	288	static
../Core/Src/kalman.c:232:6:Kalman_SanityTick	40	static
../Core/Src/kalman.c:242:6:Kalman_SanityReset	24	static
../Core/Src/kalman.c:251:7:Kalman_SetEnabled	16	static
../Core/Src/kalman.c:252:7:Kalman_GetEnabled	4	static
../Core/Src/kalman.c:255:7:Kalman_SetSigmaTheta	16	static
../Core/Src/kalman.c:256:7:Kalman_SetSigmaOmega	16	static
../Core/Src/kalman.c:257:7:Kalman_SetSigmaTau	16	static
../Core/Src/kalman.c:258:7:Kalman_SetSigmaI	16	static
../Core/Src/kalman.c:259:7:Kalman_SetR	16	static
../Core/Src/kalman.c:262:7:Kalman_GetTheta	4	static
../Core/Src/kalman.c:263:7:Kalman_GetOmega	4	static
../Core/Src/kalman.c:264:7:Kalman_GetOmegaRPM	4	static
../Core/Src/kalman.c:265:7:Kalman_GetLoadTorque	4	static
../Core/Src/kalman.c:266:7:Kalman_GetCurrent	4	static
../Core/Src/kalman.c:267:7:Kalman_GetInnovation	4	static
../Core/Src/kalman.c:269:7:Kalman_GetP00	4	static
../Core/Src/kalman.c:270:7:Kalman_GetP11	4	static
../Core/Src/kalman.c:271:7:Kalman_GetP22	4	static
../Core/Src/kalman.c:272:7:Kalman_GetP33	4	static
../Core/Src/kalman.c:274:7:Kalman_SanityGetTheta	4	static
../Core/Src/kalman.c:275:7:Kalman_SanityGetOmega	4	static
