../Core/Src/kalman.c:50:20:state_deriv	24	static
../Core/Src/kalman.c:70:20:cov_deriv	96	static
../Core/Src/kalman.c:92:13:rk4_state	120	static
../Core/Src/kalman.c:106:13:rk4_cov	368	static
../Core/Src/kalman.c:127:6:Kalman_Init	16	static
../Core/Src/kalman.c:149:6:Kalman_Reset	24	static
../Core/Src/kalman.c:163:6:Kalman_Tick	216	static
../Core/Src/kalman.c:199:6:Kalman_SanityTick	40	static
../Core/Src/kalman.c:207:6:Kalman_SanityReset	24	static
../Core/Src/kalman.c:213:7:Kalman_SetEnabled	16	static
../Core/Src/kalman.c:214:7:Kalman_GetEnabled	4	static
../Core/Src/kalman.c:216:7:Kalman_SetSigmaTheta	16	static
../Core/Src/kalman.c:217:7:Kalman_SetSigmaOmega	16	static
../Core/Src/kalman.c:218:7:Kalman_SetSigmaTau	16	static
../Core/Src/kalman.c:219:7:Kalman_SetSigmaI	16	static
../Core/Src/kalman.c:220:7:Kalman_SetR	16	static
../Core/Src/kalman.c:222:7:Kalman_GetTheta	4	static
../Core/Src/kalman.c:223:7:Kalman_GetOmega	4	static
../Core/Src/kalman.c:224:7:Kalman_GetOmegaRPM	4	static
../Core/Src/kalman.c:225:7:Kalman_GetLoadTorque	4	static
../Core/Src/kalman.c:226:7:Kalman_GetCurrent	4	static
../Core/Src/kalman.c:227:7:Kalman_GetInnovation	4	static
../Core/Src/kalman.c:229:7:Kalman_GetP00	4	static
../Core/Src/kalman.c:230:7:Kalman_GetP11	4	static
../Core/Src/kalman.c:231:7:Kalman_GetP22	4	static
../Core/Src/kalman.c:232:7:Kalman_GetP33	4	static
../Core/Src/kalman.c:234:7:Kalman_SanityGetTheta	4	static
../Core/Src/kalman.c:235:7:Kalman_SanityGetOmega	4	static
