../Core/Src/main.c:88:6:LPUART1_SetMode	16	static
../Core/Src/main.c:129:6:Mode_Toggle	4	static
../Core/Src/main.c:138:13:Mode_Toggle_Impl	8	static
../Core/Src/main.c:160:5:main	16	static
../Core/Src/main.c:265:6:SystemClock_Config	88	static
../Core/Src/main.c:312:13:MX_FDCAN1_Init	8	static
../Core/Src/main.c:355:13:MX_LPUART1_UART_Init	8	static
../Core/Src/main.c:402:13:MX_USART3_UART_Init	8	static
../Core/Src/main.c:451:13:MX_TIM1_Init	120	static
../Core/Src/main.c:533:13:MX_TIM3_Init	56	static
../Core/Src/main.c:582:13:MX_TIM6_Init	24	static
../Core/Src/main.c:620:13:MX_TIM16_Init	8	static
../Core/Src/main.c:652:13:MX_GPIO_Init	48	static
../Core/Src/main.c:744:5:_write	24	static
../Core/Src/main.c:757:6:HAL_GPIO_EXTI_Callback	16	static
../Core/Src/main.c:765:6:HAL_TIM_PeriodElapsedCallback	16	static
../Core/Src/main.c:775:6:HAL_UART_RxCpltCallback	24	static
../Core/Src/main.c:814:6:Error_Handler	4	static,ignoring_inline_asm
