../Core/Src/main.c:92:6:LPUART1_SetMode	3
../Core/Src/main.c:133:6:Mode_Toggle	1
../Core/Src/main.c:142:13:Mode_Toggle_Impl	2
../Core/Src/main.c:164:5:main	7
../Core/Src/main.c:272:6:SystemClock_Config	3
../Core/Src/main.c:319:13:MX_FDCAN1_Init	2
../Core/Src/main.c:362:13:MX_LPUART1_UART_Init	5
../Core/Src/main.c:409:13:MX_USART3_UART_Init	5
../Core/Src/main.c:458:13:MX_TIM1_Init	7
../Core/Src/main.c:540:13:MX_TIM3_Init	3
../Core/Src/main.c:589:13:MX_TIM7_Init	3
../Core/Src/main.c:610:13:MX_TIM6_Init	3
../Core/Src/main.c:648:13:MX_TIM16_Init	2
../Core/Src/main.c:680:13:MX_GPIO_Init	1
../Core/Src/main.c:772:5:_write	2
../Core/Src/main.c:785:6:HAL_GPIO_EXTI_Callback	2
../Core/Src/main.c:793:6:HAL_TIM_PeriodElapsedCallback	4
../Core/Src/main.c:811:6:HAL_UART_RxCpltCallback	8
../Core/Src/main.c:850:6:Error_Handler	1
