../Core/Src/main.c:90:6:LPUART1_SetMode	3
../Core/Src/main.c:131:6:Mode_Toggle	1
../Core/Src/main.c:139:13:Mode_Toggle_Impl	2
../Core/Src/main.c:160:5:main	7
../Core/Src/main.c:267:6:SystemClock_Config	3
../Core/Src/main.c:314:13:MX_FDCAN1_Init	2
../Core/Src/main.c:357:13:MX_LPUART1_UART_Init	5
../Core/Src/main.c:404:13:MX_USART3_UART_Init	5
../Core/Src/main.c:453:13:MX_TIM1_Init	7
../Core/Src/main.c:535:13:MX_TIM3_Init	3
../Core/Src/main.c:584:13:MX_TIM6_Init	3
../Core/Src/main.c:622:13:MX_TIM16_Init	2
../Core/Src/main.c:654:13:MX_GPIO_Init	1
../Core/Src/main.c:746:5:_write	2
../Core/Src/main.c:758:6:HAL_GPIO_EXTI_Callback	1
../Core/Src/main.c:780:6:HAL_TIM_PeriodElapsedCallback	4
../Core/Src/main.c:797:6:HAL_UART_RxCpltCallback	8
../Core/Src/main.c:846:6:HAL_UART_ErrorCallback	3
../Core/Src/main.c:867:6:Error_Handler	1
