../Core/Src/main.c:112:6:USART3_QueueTx	40	static,ignoring_inline_asm
../Core/Src/main.c:125:13:USART3_DrainTx	16	static
../Core/Src/main.c:137:6:LPUART1_SetMode	16	static
../Core/Src/main.c:187:6:Mode_Toggle	4	static
../Core/Src/main.c:195:13:Mode_Toggle_Impl	24	static,ignoring_inline_asm
../Core/Src/main.c:226:5:main	40	static,ignoring_inline_asm
../Core/Src/main.c:441:6:SystemClock_Config	88	static
../Core/Src/main.c:488:13:MX_ADC1_Init	56	static
../Core/Src/main.c:556:13:MX_FDCAN1_Init	8	static
../Core/Src/main.c:599:13:MX_LPUART1_UART_Init	8	static
../Core/Src/main.c:646:13:MX_USART3_UART_Init	8	static
../Core/Src/main.c:695:13:MX_TIM1_Init	120	static
../Core/Src/main.c:777:13:MX_TIM3_Init	56	static
../Core/Src/main.c:826:13:MX_TIM6_Init	24	static
../Core/Src/main.c:864:13:MX_TIM7_Init	24	static
../Core/Src/main.c:902:13:MX_TIM16_Init	8	static
../Core/Src/main.c:934:13:MX_GPIO_Init	48	static
../Core/Src/main.c:1016:5:_write	24	static
../Core/Src/main.c:1044:6:HAL_GPIO_EXTI_Callback	16	static
../Core/Src/main.c:1066:6:HAL_TIM_PeriodElapsedCallback	24	static
../Core/Src/main.c:1083:6:HAL_UART_RxCpltCallback	24	static
../Core/Src/main.c:1156:6:HAL_UART_ErrorCallback	16	static
../Core/Src/main.c:1177:6:Error_Handler	4	static,ignoring_inline_asm
