../Core/Src/motor_controller.c:119:14:PID_Compute	48	static
../Core/Src/motor_controller.c:156:13:PWM_Apply	32	static
../Core/Src/motor_controller.c:181:13:Encoder_Update	24	static
../Core/Src/motor_controller.c:215:13:Trajectory_Generator_Update	72	static
../Core/Src/motor_controller.c:318:6:Motor_RunHomingSequence	24	static
../Core/Src/motor_controller.c:440:6:Motor_Init	8	static
../Core/Src/motor_controller.c:497:6:Motor_MoveToPosition	16	static
../Core/Src/motor_controller.c:504:6:Motor_Stop	8	static
../Core/Src/motor_controller.c:510:6:Motor_SendAudioCommand	24	static
../Core/Src/motor_controller.c:516:6:Motor_SetVoltageLimit	24	static
../Core/Src/motor_controller.c:524:6:Motor_SetMotionProfile	24	static
../Core/Src/motor_controller.c:536:6:Motor_SetJogVelocity	16	static
../Core/Src/motor_controller.c:543:6:Motor_UpdateSelectionButton	16	static
../Core/Src/motor_controller.c:555:6:Motor_UpdateModeButton	16	static
../Core/Src/motor_controller.c:567:6:Motor_UpdateControlModeButton	16	static
../Core/Src/motor_controller.c:579:6:Motor_SetConnectionStatus	16	static
../Core/Src/motor_controller.c:584:6:Motor_SendDataToMatlab	24	static
../Core/Src/motor_controller.c:615:6:Motor_StartAutotune	8	static
../Core/Src/motor_controller.c:633:6:Motor_StartAutotuneSpeed	8	static
../Core/Src/motor_controller.c:655:6:Motor_ProcessPacket	24	static
../Core/Src/motor_controller.c:700:6:Motor_ProcessCommand	24	static
../Core/Src/motor_controller.c:875:6:Motor_ControlLoop	144	static
../Core/Src/motor_controller.c:1352:7:Motor_GetPosition	4	static
../Core/Src/motor_controller.c:1353:7:Motor_GetSpeed	4	static
../Core/Src/motor_controller.c:1359:6:Gripper_Up	8	static
../Core/Src/motor_controller.c:1360:6:Gripper_Down	8	static
../Core/Src/motor_controller.c:1361:6:Gripper_Open	8	static
../Core/Src/motor_controller.c:1362:6:Gripper_Close	8	static
../Core/Src/motor_controller.c:1364:6:Gripper_Toggle	8	static
../Core/Src/motor_controller.c:1373:13:wait_for_reed	24	static
../Core/Src/motor_controller.c:1392:13:wait_for_reed_if_joystick	16	static
../Core/Src/motor_controller.c:1399:6:Gripper_Sequence_Pick	8	static
../Core/Src/motor_controller.c:1415:6:Gripper_Sequence_Place	8	static
