../Core/Src/motor_controller.c:125:14:PID_Compute	48	static
../Core/Src/motor_controller.c:162:13:PWM_Apply	32	static
../Core/Src/motor_controller.c:187:13:Encoder_Update	24	static
../Core/Src/motor_controller.c:221:13:Trajectory_Generator_Update	72	static
../Core/Src/motor_controller.c:332:6:Motor_RunHomingSequence	48	static
../Core/Src/motor_controller.c:529:6:Motor_Init	8	static
../Core/Src/motor_controller.c:586:6:Motor_MoveToPosition	16	static
../Core/Src/motor_controller.c:593:6:Motor_Stop	8	static
../Core/Src/motor_controller.c:599:6:Motor_SendAudioCommand	24	static
../Core/Src/motor_controller.c:605:6:Motor_SetVoltageLimit	24	static
../Core/Src/motor_controller.c:613:6:Motor_SetMotionProfile	24	static
../Core/Src/motor_controller.c:625:6:Motor_SetJogVelocity	16	static
../Core/Src/motor_controller.c:632:6:Motor_UpdateSelectionButton	16	static
../Core/Src/motor_controller.c:644:6:Motor_UpdateModeButton	16	static
../Core/Src/motor_controller.c:656:6:Motor_UpdateControlModeButton	16	static
../Core/Src/motor_controller.c:668:6:Motor_SetConnectionStatus	16	static
../Core/Src/motor_controller.c:673:6:Motor_SendDataToMatlab	24	static
../Core/Src/motor_controller.c:704:6:Motor_StartAutotune	8	static
../Core/Src/motor_controller.c:722:6:Motor_StartAutotuneSpeed	8	static
../Core/Src/motor_controller.c:744:6:Motor_ProcessPacket	24	static
../Core/Src/motor_controller.c:801:6:Motor_ProcessCommand	24	static
../Core/Src/motor_controller.c:977:6:Motor_ControlLoop	144	static
../Core/Src/motor_controller.c:1486:7:Motor_GetPosition	4	static
../Core/Src/motor_controller.c:1487:7:Motor_GetSpeed	4	static
../Core/Src/motor_controller.c:1493:6:Gripper_Up	8	static
../Core/Src/motor_controller.c:1494:6:Gripper_Down	8	static
../Core/Src/motor_controller.c:1495:6:Gripper_Open	8	static
../Core/Src/motor_controller.c:1496:6:Gripper_Close	8	static
../Core/Src/motor_controller.c:1498:6:Gripper_Toggle	8	static
../Core/Src/motor_controller.c:1507:13:wait_for_reed	24	static
../Core/Src/motor_controller.c:1526:13:wait_for_reed_if_joystick	16	static
../Core/Src/motor_controller.c:1533:6:Gripper_Sequence_Pick	8	static
../Core/Src/motor_controller.c:1549:6:Gripper_Sequence_Place	8	static
