../Core/Src/motor_controller.c:178:14:PID_Compute	48	static
../Core/Src/motor_controller.c:220:14:PWM_Apply	32	static
../Core/Src/motor_controller.c:264:14:Motor_DriveWithAntiWindup	24	static
../Core/Src/motor_controller.c:284:13:Encoder_Update	24	static
../Core/Src/motor_controller.c:372:13:ZVD_UpdateCoefficients	40	static
../Core/Src/motor_controller.c:396:13:ZVD_FlushBuffer	24	static
../Core/Src/motor_controller.c:405:6:Motor_ShaperRecompute	8	static
../Core/Src/motor_controller.c:415:13:scurve_plan	80	static
../Core/Src/motor_controller.c:523:13:scurve_eval	64	static
../Core/Src/motor_controller.c:572:13:Trajectory_Generator_Update	32	static
../Core/Src/motor_controller.c:660:6:Motor_RunHomingSequence	72	static
../Core/Src/motor_controller.c:926:6:Motor_Init	24	static,ignoring_inline_asm
../Core/Src/motor_controller.c:991:6:Motor_MoveToPosition	16	static
../Core/Src/motor_controller.c:1001:6:Motor_Stop	8	static
../Core/Src/motor_controller.c:1012:6:Motor_SetHomeHere	24	static
../Core/Src/motor_controller.c:1049:6:Motor_SendAudioCommand	24	static
../Core/Src/motor_controller.c:1057:6:Motor_SetVoltageLimit	24	static
../Core/Src/motor_controller.c:1065:6:Motor_SetMotionProfile	24	static
../Core/Src/motor_controller.c:1075:6:Motor_SetJogVelocity	16	static
../Core/Src/motor_controller.c:1083:6:Motor_UpdateSelectionButton	16	static
../Core/Src/motor_controller.c:1091:6:Motor_UpdateModeButton	16	static
../Core/Src/motor_controller.c:1103:6:Motor_UpdateControlModeButton	24	static
../Core/Src/motor_controller.c:1121:6:Motor_SetConnectionStatus	16	static
../Core/Src/motor_controller.c:1126:6:Motor_SendDataToMatlab	24	static
../Core/Src/motor_controller.c:1160:6:Motor_StartAutotune	8	static
../Core/Src/motor_controller.c:1178:6:Motor_StartAutotuneSpeed	8	static
../Core/Src/motor_controller.c:1205:6:Motor_ProcessPacket	80	static,ignoring_inline_asm
../Core/Src/motor_controller.c:1273:6:Motor_RefreshWatchdog	24	static,ignoring_inline_asm
../Core/Src/motor_controller.c:1287:6:Motor_ResetJoystickDebounce	4	static
../Core/Src/motor_controller.c:1294:6:Motor_ProcessCommand	48	static,ignoring_inline_asm
../Core/Src/motor_controller.c:1498:6:Motor_ControlLoop	672	static,ignoring_inline_asm
../Core/Src/motor_controller.c:2324:7:Motor_GetPosition	4	static
../Core/Src/motor_controller.c:2325:7:Motor_GetSpeed	4	static
../Core/Src/motor_controller.c:2330:6:Motor_DrainControlLog	56	static,ignoring_inline_asm
../Core/Src/motor_controller.c:2364:6:Gripper_Up	8	static
../Core/Src/motor_controller.c:2365:6:Gripper_Down	8	static
../Core/Src/motor_controller.c:2366:6:Gripper_Open	8	static
../Core/Src/motor_controller.c:2367:6:Gripper_Close	8	static
../Core/Src/motor_controller.c:2369:6:Gripper_Toggle	8	static
../Core/Src/motor_controller.c:2381:13:wait_for_reed	24	static
../Core/Src/motor_controller.c:2400:13:wait_for_reed_if_joystick	16	static
../Core/Src/motor_controller.c:2407:6:Gripper_Sequence_Pick	8	static
../Core/Src/motor_controller.c:2423:6:Gripper_Sequence_Place	8	static
