../Core/Src/motor_controller.c:125:14:PID_Compute	48	static
../Core/Src/motor_controller.c:162:13:PWM_Apply	32	static
../Core/Src/motor_controller.c:187:13:Encoder_Update	24	static
../Core/Src/motor_controller.c:263:13:scurve_plan	80	static
../Core/Src/motor_controller.c:371:13:scurve_eval	64	static
../Core/Src/motor_controller.c:420:13:Trajectory_Generator_Update	32	static
../Core/Src/motor_controller.c:507:6:Motor_RunHomingSequence	48	static
../Core/Src/motor_controller.c:704:6:Motor_Init	8	static
../Core/Src/motor_controller.c:757:6:Motor_MoveToPosition	16	static
../Core/Src/motor_controller.c:766:6:Motor_Stop	8	static
../Core/Src/motor_controller.c:772:6:Motor_SendAudioCommand	24	static
../Core/Src/motor_controller.c:778:6:Motor_SetVoltageLimit	24	static
../Core/Src/motor_controller.c:786:6:Motor_SetMotionProfile	24	static
../Core/Src/motor_controller.c:796:6:Motor_SetJogVelocity	16	static
../Core/Src/motor_controller.c:803:6:Motor_UpdateSelectionButton	16	static
../Core/Src/motor_controller.c:815:6:Motor_UpdateModeButton	16	static
../Core/Src/motor_controller.c:827:6:Motor_UpdateControlModeButton	16	static
../Core/Src/motor_controller.c:839:6:Motor_SetConnectionStatus	16	static
../Core/Src/motor_controller.c:844:6:Motor_SendDataToMatlab	24	static
../Core/Src/motor_controller.c:875:6:Motor_StartAutotune	8	static
../Core/Src/motor_controller.c:893:6:Motor_StartAutotuneSpeed	8	static
../Core/Src/motor_controller.c:915:6:Motor_ProcessPacket	24	static
../Core/Src/motor_controller.c:972:6:Motor_ProcessCommand	24	static
../Core/Src/motor_controller.c:1148:6:Motor_ControlLoop	144	static
../Core/Src/motor_controller.c:1745:7:Motor_GetPosition	4	static
../Core/Src/motor_controller.c:1746:7:Motor_GetSpeed	4	static
../Core/Src/motor_controller.c:1752:6:Gripper_Up	8	static
../Core/Src/motor_controller.c:1753:6:Gripper_Down	8	static
../Core/Src/motor_controller.c:1754:6:Gripper_Open	8	static
../Core/Src/motor_controller.c:1755:6:Gripper_Close	8	static
../Core/Src/motor_controller.c:1757:6:Gripper_Toggle	8	static
../Core/Src/motor_controller.c:1766:13:wait_for_reed	24	static
../Core/Src/motor_controller.c:1785:13:wait_for_reed_if_joystick	16	static
../Core/Src/motor_controller.c:1792:6:Gripper_Sequence_Pick	8	static
../Core/Src/motor_controller.c:1808:6:Gripper_Sequence_Place	8	static
