../Core/Src/motor_controller.c:184:14:PID_Compute	48	static
../Core/Src/motor_controller.c:226:14:PWM_Apply	32	static
../Core/Src/motor_controller.c:270:14:Motor_DriveWithAntiWindup	24	static
../Core/Src/motor_controller.c:290:13:Encoder_Update	24	static
../Core/Src/motor_controller.c:378:13:ZVD_UpdateCoefficients	40	static
../Core/Src/motor_controller.c:402:13:ZVD_FlushBuffer	24	static
../Core/Src/motor_controller.c:411:6:Motor_ShaperRecompute	8	static
../Core/Src/motor_controller.c:416:10:Motor_GetShaperDelay	4	static
../Core/Src/motor_controller.c:426:13:scurve_plan	80	static
../Core/Src/motor_controller.c:534:13:scurve_eval	64	static
../Core/Src/motor_controller.c:583:13:Trajectory_Generator_Update	32	static
../Core/Src/motor_controller.c:671:6:Motor_RunHomingSequence	72	static
../Core/Src/motor_controller.c:937:6:Motor_Init	24	static,ignoring_inline_asm
../Core/Src/motor_controller.c:1002:6:Motor_MoveToPosition	16	static
../Core/Src/motor_controller.c:1012:6:Motor_Stop	8	static
../Core/Src/motor_controller.c:1023:6:Motor_SetHomeHere	24	static
../Core/Src/motor_controller.c:1060:6:Motor_SendAudioCommand	24	static
../Core/Src/motor_controller.c:1068:6:Motor_SetVoltageLimit	24	static
../Core/Src/motor_controller.c:1076:6:Motor_SetMotionProfile	24	static
../Core/Src/motor_controller.c:1086:6:Motor_SetJogVelocity	16	static
../Core/Src/motor_controller.c:1094:6:Motor_UpdateSelectionButton	16	static
../Core/Src/motor_controller.c:1102:6:Motor_UpdateModeButton	16	static
../Core/Src/motor_controller.c:1114:6:Motor_UpdateControlModeButton	24	static
../Core/Src/motor_controller.c:1132:6:Motor_SetConnectionStatus	16	static
../Core/Src/motor_controller.c:1137:6:Motor_SendDataToMatlab	24	static
../Core/Src/motor_controller.c:1171:6:Motor_StartAutotune	8	static
../Core/Src/motor_controller.c:1189:6:Motor_StartAutotuneSpeed	8	static
../Core/Src/motor_controller.c:1216:6:Motor_ProcessPacket	80	static,ignoring_inline_asm
../Core/Src/motor_controller.c:1284:6:Motor_RefreshWatchdog	24	static,ignoring_inline_asm
../Core/Src/motor_controller.c:1298:6:Motor_ResetJoystickDebounce	4	static
../Core/Src/motor_controller.c:1305:6:Motor_ProcessCommand	48	static,ignoring_inline_asm
../Core/Src/motor_controller.c:1509:6:Motor_ControlLoop	672	static,ignoring_inline_asm
../Core/Src/motor_controller.c:2335:7:Motor_GetPosition	4	static
../Core/Src/motor_controller.c:2336:7:Motor_GetSpeed	4	static
../Core/Src/motor_controller.c:2341:6:Motor_DrainControlLog	56	static,ignoring_inline_asm
../Core/Src/motor_controller.c:2375:6:Gripper_Up	8	static
../Core/Src/motor_controller.c:2376:6:Gripper_Down	8	static
../Core/Src/motor_controller.c:2377:6:Gripper_Open	8	static
../Core/Src/motor_controller.c:2378:6:Gripper_Close	8	static
../Core/Src/motor_controller.c:2380:6:Gripper_Toggle	8	static
../Core/Src/motor_controller.c:2392:13:wait_for_reed	24	static
../Core/Src/motor_controller.c:2411:13:wait_for_reed_if_joystick	16	static
../Core/Src/motor_controller.c:2418:6:Gripper_Sequence_Pick	8	static
../Core/Src/motor_controller.c:2434:6:Gripper_Sequence_Pick_Timed	16	static
../Core/Src/motor_controller.c:2448:6:Gripper_Sequence_Place_Timed	16	static
../Core/Src/motor_controller.c:2462:6:Gripper_Sequence_Place	8	static
