../Core/Src/motor_controller.c:125:14:PID_Compute	48	static
../Core/Src/motor_controller.c:162:13:PWM_Apply	32	static
../Core/Src/motor_controller.c:187:13:Encoder_Update	24	static
../Core/Src/motor_controller.c:263:13:scurve_plan	80	static
../Core/Src/motor_controller.c:371:13:scurve_eval	64	static
../Core/Src/motor_controller.c:420:13:Trajectory_Generator_Update	32	static
../Core/Src/motor_controller.c:496:6:Motor_RunHomingSequence	48	static
../Core/Src/motor_controller.c:693:6:Motor_Init	8	static
../Core/Src/motor_controller.c:746:6:Motor_MoveToPosition	16	static
../Core/Src/motor_controller.c:753:6:Motor_Stop	8	static
../Core/Src/motor_controller.c:759:6:Motor_SendAudioCommand	24	static
../Core/Src/motor_controller.c:765:6:Motor_SetVoltageLimit	24	static
../Core/Src/motor_controller.c:773:6:Motor_SetMotionProfile	24	static
../Core/Src/motor_controller.c:783:6:Motor_SetJogVelocity	16	static
../Core/Src/motor_controller.c:790:6:Motor_UpdateSelectionButton	16	static
../Core/Src/motor_controller.c:802:6:Motor_UpdateModeButton	16	static
../Core/Src/motor_controller.c:814:6:Motor_UpdateControlModeButton	16	static
../Core/Src/motor_controller.c:826:6:Motor_SetConnectionStatus	16	static
../Core/Src/motor_controller.c:831:6:Motor_SendDataToMatlab	24	static
../Core/Src/motor_controller.c:862:6:Motor_StartAutotune	8	static
../Core/Src/motor_controller.c:880:6:Motor_StartAutotuneSpeed	8	static
../Core/Src/motor_controller.c:902:6:Motor_ProcessPacket	24	static
../Core/Src/motor_controller.c:959:6:Motor_ProcessCommand	24	static
../Core/Src/motor_controller.c:1135:6:Motor_ControlLoop	144	static
../Core/Src/motor_controller.c:1644:7:Motor_GetPosition	4	static
../Core/Src/motor_controller.c:1645:7:Motor_GetSpeed	4	static
../Core/Src/motor_controller.c:1651:6:Gripper_Up	8	static
../Core/Src/motor_controller.c:1652:6:Gripper_Down	8	static
../Core/Src/motor_controller.c:1653:6:Gripper_Open	8	static
../Core/Src/motor_controller.c:1654:6:Gripper_Close	8	static
../Core/Src/motor_controller.c:1656:6:Gripper_Toggle	8	static
../Core/Src/motor_controller.c:1665:13:wait_for_reed	24	static
../Core/Src/motor_controller.c:1684:13:wait_for_reed_if_joystick	16	static
../Core/Src/motor_controller.c:1691:6:Gripper_Sequence_Pick	8	static
../Core/Src/motor_controller.c:1707:6:Gripper_Sequence_Place	8	static
