../Core/Src/motor_controller.c:127:14:PID_Compute	48	static
../Core/Src/motor_controller.c:164:13:PWM_Apply	32	static
../Core/Src/motor_controller.c:189:13:Encoder_Update	24	static
../Core/Src/motor_controller.c:273:13:ZVD_UpdateCoefficients	40	static
../Core/Src/motor_controller.c:297:13:ZVD_FlushBuffer	24	static
../Core/Src/motor_controller.c:302:6:Motor_ShaperRecompute	8	static
../Core/Src/motor_controller.c:312:13:scurve_plan	80	static
../Core/Src/motor_controller.c:420:13:scurve_eval	64	static
../Core/Src/motor_controller.c:469:13:Trajectory_Generator_Update	32	static
../Core/Src/motor_controller.c:556:6:Motor_RunHomingSequence	48	static
../Core/Src/motor_controller.c:770:6:Motor_Init	8	static
../Core/Src/motor_controller.c:830:6:Motor_MoveToPosition	16	static
../Core/Src/motor_controller.c:839:6:Motor_Stop	8	static
../Core/Src/motor_controller.c:850:6:Motor_SetHomeHere	24	static
../Core/Src/motor_controller.c:886:6:Motor_SendAudioCommand	24	static
../Core/Src/motor_controller.c:892:6:Motor_SetVoltageLimit	24	static
../Core/Src/motor_controller.c:900:6:Motor_SetMotionProfile	24	static
../Core/Src/motor_controller.c:910:6:Motor_SetJogVelocity	16	static
../Core/Src/motor_controller.c:917:6:Motor_UpdateSelectionButton	16	static
../Core/Src/motor_controller.c:929:6:Motor_UpdateModeButton	16	static
../Core/Src/motor_controller.c:941:6:Motor_UpdateControlModeButton	16	static
../Core/Src/motor_controller.c:953:6:Motor_SetConnectionStatus	16	static
../Core/Src/motor_controller.c:958:6:Motor_SendDataToMatlab	24	static
../Core/Src/motor_controller.c:989:6:Motor_StartAutotune	8	static
../Core/Src/motor_controller.c:1007:6:Motor_StartAutotuneSpeed	8	static
../Core/Src/motor_controller.c:1029:6:Motor_ProcessPacket	24	static
../Core/Src/motor_controller.c:1086:6:Motor_ProcessCommand	24	static
../Core/Src/motor_controller.c:1262:6:Motor_ControlLoop	160	static
../Core/Src/motor_controller.c:1917:7:Motor_GetPosition	4	static
../Core/Src/motor_controller.c:1918:7:Motor_GetSpeed	4	static
../Core/Src/motor_controller.c:1924:6:Gripper_Up	8	static
../Core/Src/motor_controller.c:1925:6:Gripper_Down	8	static
../Core/Src/motor_controller.c:1926:6:Gripper_Open	8	static
../Core/Src/motor_controller.c:1927:6:Gripper_Close	8	static
../Core/Src/motor_controller.c:1929:6:Gripper_Toggle	8	static
../Core/Src/motor_controller.c:1938:13:wait_for_reed	24	static
../Core/Src/motor_controller.c:1957:13:wait_for_reed_if_joystick	16	static
../Core/Src/motor_controller.c:1964:6:Gripper_Sequence_Pick	8	static
../Core/Src/motor_controller.c:1980:6:Gripper_Sequence_Place	8	static
