../Core/Src/motor_controller.c:127:14:PID_Compute	48	static
../Core/Src/motor_controller.c:164:13:PWM_Apply	32	static
../Core/Src/motor_controller.c:189:13:Encoder_Update	24	static
../Core/Src/motor_controller.c:273:13:ZVD_UpdateCoefficients	40	static
../Core/Src/motor_controller.c:297:13:ZVD_FlushBuffer	24	static
../Core/Src/motor_controller.c:302:6:Motor_ShaperRecompute	8	static
../Core/Src/motor_controller.c:312:13:scurve_plan	80	static
../Core/Src/motor_controller.c:420:13:scurve_eval	64	static
../Core/Src/motor_controller.c:469:13:Trajectory_Generator_Update	32	static
../Core/Src/motor_controller.c:556:6:Motor_RunHomingSequence	48	static
../Core/Src/motor_controller.c:753:6:Motor_Init	8	static
../Core/Src/motor_controller.c:812:6:Motor_MoveToPosition	16	static
../Core/Src/motor_controller.c:821:6:Motor_Stop	8	static
../Core/Src/motor_controller.c:827:6:Motor_SendAudioCommand	24	static
../Core/Src/motor_controller.c:833:6:Motor_SetVoltageLimit	24	static
../Core/Src/motor_controller.c:841:6:Motor_SetMotionProfile	24	static
../Core/Src/motor_controller.c:851:6:Motor_SetJogVelocity	16	static
../Core/Src/motor_controller.c:858:6:Motor_UpdateSelectionButton	16	static
../Core/Src/motor_controller.c:870:6:Motor_UpdateModeButton	16	static
../Core/Src/motor_controller.c:882:6:Motor_UpdateControlModeButton	16	static
../Core/Src/motor_controller.c:894:6:Motor_SetConnectionStatus	16	static
../Core/Src/motor_controller.c:899:6:Motor_SendDataToMatlab	24	static
../Core/Src/motor_controller.c:930:6:Motor_StartAutotune	8	static
../Core/Src/motor_controller.c:948:6:Motor_StartAutotuneSpeed	8	static
../Core/Src/motor_controller.c:970:6:Motor_ProcessPacket	24	static
../Core/Src/motor_controller.c:1027:6:Motor_ProcessCommand	24	static
../Core/Src/motor_controller.c:1203:6:Motor_ControlLoop	160	static
../Core/Src/motor_controller.c:1855:7:Motor_GetPosition	4	static
../Core/Src/motor_controller.c:1856:7:Motor_GetSpeed	4	static
../Core/Src/motor_controller.c:1862:6:Gripper_Up	8	static
../Core/Src/motor_controller.c:1863:6:Gripper_Down	8	static
../Core/Src/motor_controller.c:1864:6:Gripper_Open	8	static
../Core/Src/motor_controller.c:1865:6:Gripper_Close	8	static
../Core/Src/motor_controller.c:1867:6:Gripper_Toggle	8	static
../Core/Src/motor_controller.c:1876:13:wait_for_reed	24	static
../Core/Src/motor_controller.c:1895:13:wait_for_reed_if_joystick	16	static
../Core/Src/motor_controller.c:1902:6:Gripper_Sequence_Pick	8	static
../Core/Src/motor_controller.c:1918:6:Gripper_Sequence_Place	8	static
