../Core/Src/motor_controller.c:128:14:PID_Compute	48	static
../Core/Src/motor_controller.c:165:13:PWM_Apply	32	static
../Core/Src/motor_controller.c:190:13:Encoder_Update	24	static
../Core/Src/motor_controller.c:274:13:ZVD_UpdateCoefficients	40	static
../Core/Src/motor_controller.c:298:13:ZVD_FlushBuffer	24	static
../Core/Src/motor_controller.c:303:6:Motor_ShaperRecompute	8	static
../Core/Src/motor_controller.c:313:13:scurve_plan	80	static
../Core/Src/motor_controller.c:421:13:scurve_eval	64	static
../Core/Src/motor_controller.c:470:13:Trajectory_Generator_Update	32	static
../Core/Src/motor_controller.c:557:6:Motor_RunHomingSequence	48	static
../Core/Src/motor_controller.c:771:6:Motor_Init	8	static
../Core/Src/motor_controller.c:832:6:Motor_MoveToPosition	16	static
../Core/Src/motor_controller.c:841:6:Motor_Stop	8	static
../Core/Src/motor_controller.c:852:6:Motor_SetHomeHere	24	static
../Core/Src/motor_controller.c:888:6:Motor_SendAudioCommand	24	static
../Core/Src/motor_controller.c:894:6:Motor_SetVoltageLimit	24	static
../Core/Src/motor_controller.c:902:6:Motor_SetMotionProfile	24	static
../Core/Src/motor_controller.c:912:6:Motor_SetJogVelocity	16	static
../Core/Src/motor_controller.c:919:6:Motor_UpdateSelectionButton	16	static
../Core/Src/motor_controller.c:931:6:Motor_UpdateModeButton	16	static
../Core/Src/motor_controller.c:943:6:Motor_UpdateControlModeButton	16	static
../Core/Src/motor_controller.c:955:6:Motor_SetConnectionStatus	16	static
../Core/Src/motor_controller.c:960:6:Motor_SendDataToMatlab	24	static
../Core/Src/motor_controller.c:991:6:Motor_StartAutotune	8	static
../Core/Src/motor_controller.c:1009:6:Motor_StartAutotuneSpeed	8	static
../Core/Src/motor_controller.c:1031:6:Motor_ProcessPacket	24	static
../Core/Src/motor_controller.c:1088:6:Motor_ProcessCommand	24	static
../Core/Src/motor_controller.c:1264:6:Motor_ControlLoop	176	static
../Core/Src/motor_controller.c:1925:7:Motor_GetPosition	4	static
../Core/Src/motor_controller.c:1926:7:Motor_GetSpeed	4	static
../Core/Src/motor_controller.c:1932:6:Gripper_Up	8	static
../Core/Src/motor_controller.c:1933:6:Gripper_Down	8	static
../Core/Src/motor_controller.c:1934:6:Gripper_Open	8	static
../Core/Src/motor_controller.c:1935:6:Gripper_Close	8	static
../Core/Src/motor_controller.c:1937:6:Gripper_Toggle	8	static
../Core/Src/motor_controller.c:1946:13:wait_for_reed	24	static
../Core/Src/motor_controller.c:1965:13:wait_for_reed_if_joystick	16	static
../Core/Src/motor_controller.c:1972:6:Gripper_Sequence_Pick	8	static
../Core/Src/motor_controller.c:1988:6:Gripper_Sequence_Place	8	static
